Q-CURVE for Paper C chart: entropy/conc_pop/CASPER-R/contactor at q=0,2,4,8, seed-avg, fixed cache
  761 concepts (18s)
contactor: loaded policy_phase2_cont_v1_best.pt
NO BC pretraining -- pure RL from random init (testing BC-trap hypothesis)
train scorer policy (pool=1361, TAU=0.3) -- finetune from conc_pop floor...
TEST set: TESTRANGE=300:99999 -> 304 users
=== EVALCKS seeds=[1, 2, 3, 7, 11] TESTRANGE=300:99999 | NDCG@10 FULL/TAIL @ [0, 2, 4, 8] -> data/movielens/.cache/qcurve_paperC.csv ===
  seed1                  entropy: FULL 0.312 0.351 0.357 0.362 | TAIL 0.083 0.128 0.137 0.139
  seed1                 conc_pop: FULL 0.312 0.321 0.330 0.343 | TAIL 0.083 0.130 0.131 0.128
  seed1                contactor: FULL 0.312 0.330 0.360 0.367 | TAIL 0.083 0.130 0.160 0.166
  seed1           entdistill_ep4: FULL 0.312 0.356 0.360 0.361 | TAIL 0.083 0.133 0.136 0.150
  seed2                  entropy: FULL 0.310 0.343 0.359 0.360 | TAIL 0.085 0.121 0.131 0.134
  seed2                 conc_pop: FULL 0.310 0.326 0.337 0.345 | TAIL 0.085 0.117 0.120 0.118
  seed2                contactor: FULL 0.310 0.329 0.364 0.365 | TAIL 0.085 0.123 0.153 0.160
  seed2           entdistill_ep4: FULL 0.310 0.353 0.359 0.354 | TAIL 0.085 0.126 0.132 0.149
  seed3                  entropy: FULL 0.304 0.341 0.357 0.362 | TAIL 0.079 0.117 0.139 0.142
  seed3                 conc_pop: FULL 0.304 0.329 0.340 0.347 | TAIL 0.079 0.128 0.133 0.131
  seed3                contactor: FULL 0.304 0.324 0.360 0.362 | TAIL 0.079 0.123 0.157 0.156
  seed3           entdistill_ep4: FULL 0.304 0.354 0.358 0.363 | TAIL 0.079 0.132 0.141 0.153
  seed7                  entropy: FULL 0.304 0.346 0.355 0.358 | TAIL 0.074 0.114 0.130 0.138
  seed7                 conc_pop: FULL 0.304 0.330 0.341 0.351 | TAIL 0.074 0.116 0.126 0.127
  seed7                contactor: FULL 0.304 0.330 0.367 0.367 | TAIL 0.074 0.127 0.158 0.159
  seed7           entdistill_ep4: FULL 0.304 0.350 0.359 0.360 | TAIL 0.074 0.128 0.140 0.153
  seed11                  entropy: FULL 0.320 0.361 0.366 0.362 | TAIL 0.082 0.121 0.139 0.146
  seed11                 conc_pop: FULL 0.320 0.332 0.341 0.347 | TAIL 0.082 0.122 0.133 0.129
  seed11                contactor: FULL 0.320 0.335 0.371 0.371 | TAIL 0.082 0.132 0.166 0.170
  seed11           entdistill_ep4: FULL 0.320 0.359 0.362 0.363 | TAIL 0.082 0.126 0.139 0.156
