[19:30:20] [arm_n] graded matrices from cache: train nnz=21682110 test nnz=1411761
[19:30:20] [arm_n] pool nnz=1411761 (te_tr 625946, graded 1411761); te_tr items absent from the graded rebuild: 0
[19:30:20] [arm_n] ruler: 18359 items, 10000 test users, head=190; pool excludes 141.2 items/user vs 62.6 in arm A; target leak 0
[19:30:21] [teacher] RecVAE loaded from state.best_state: ep25 best_val=0.3512 (hidden=600 latent=200) -- FROZEN
[19:30:21] [model] i25 arm A: decoder FROZEN RecVAE W+b (G0-identity restored)
[19:30:21] [model] SIGN INIT v2 applied: gamma(level)=[-1.0, -1.0, -1.0, -0.75, -0.5, 0.25, 0.25, 1.0, 1.0, 1.0] (likes full +1, neutral +0.25, dislikes graded negative); beta=0
[19:30:21] [model] arch=i25 d_lat=200 TRAINABLE=838,250 FROZEN=7,362,159 (+ unregistered frozen native encoder ~13.4M params, not counted/saved) train_decoder=False
[19:30:21] [blend] var_emp from cache: mean=0.4935
[19:30:21] [blend] anchor=empty; q0 mean=1.7489
[19:30:22] [strategies] orders built over 18359 items; top-5 popularity=[5, 121, 8, 123, 59] helf=[551, 463, 154, 339, 77]
[19:30:47] [blend:empty] helf        k= 1 mean_w=0.0043 full=0.1548 tail=0.0228 (0.4m)
[19:31:22] [blend:empty] helf        k= 2 mean_w=0.0117 full=0.1535 tail=0.0228 (0.6m)
[19:32:03] [blend:empty] helf        k= 4 mean_w=0.0151 full=0.1519 tail=0.0228 (0.7m)
[19:32:56] [blend:empty] helf        k= 8 mean_w=0.0254 full=0.1503 tail=0.0226 (0.9m)
[19:34:10] [blend:empty] helf        k=16 mean_w=0.0493 full=0.1443 tail=0.0226 (1.2m)
[19:34:43] [blend:empty] entropy0    k= 1 mean_w=0.0288 full=0.1483 tail=0.0227 (0.5m)
[19:35:29] [blend:empty] entropy0    k= 2 mean_w=0.0456 full=0.1399 tail=0.0229 (0.8m)
[19:36:31] [blend:empty] entropy0    k= 4 mean_w=0.0662 full=0.1338 tail=0.0231 (1.0m)
[19:38:06] [blend:empty] entropy0    k= 8 mean_w=0.0872 full=0.1217 tail=0.0230 (1.6m)
[19:40:05] [blend:empty] entropy0    k=16 mean_w=0.1113 full=0.1125 tail=0.0227 (2.0m)
[19:40:37] [blend:empty] popularity  k= 1 mean_w=0.0304 full=0.1445 tail=0.0228 (0.5m)
[19:41:20] [blend:empty] popularity  k= 2 mean_w=0.0457 full=0.1393 tail=0.0229 (0.7m)
[19:42:18] [blend:empty] popularity  k= 4 mean_w=0.0658 full=0.1306 tail=0.0232 (1.0m)
[19:43:31] [blend:empty] popularity  k= 8 mean_w=0.0905 full=0.1211 tail=0.0228 (1.2m)
[19:45:04] [blend:empty] popularity  k=16 mean_w=0.1121 full=0.1124 tail=0.0225 (1.5m)
