[18:12:02] [arm_n] graded matrices from cache: train nnz=21682110 test nnz=1411761
[18:12:02] [arm_n] pool nnz=1411761 (te_tr 625946, graded 1411761); te_tr items absent from the graded rebuild: 0
[18:12:02] [arm_n] ruler: 18359 items, 10000 test users, head=190; pool excludes 141.2 items/user vs 62.6 in arm A; target leak 0
[18:12:03] [strategies] orders built over 18359 items; top-5 popularity=[5, 121, 8, 123, 59] helf=[551, 463, 154, 339, 77]
[18:12:04] [golbandi_leaf] node model over 140768 train users, lambda=8.0, mode=ternary
[18:12:17] [abl] ternary     helf      k= 2 full=0.1739
[18:12:31] [abl] ternary     helf      k= 4 full=0.1890
[18:12:46] [abl] ternary     helf      k= 8 full=0.1948
[18:12:58] [abl] ternary     entropy0  k= 2 full=0.1563
[18:13:11] [abl] ternary     entropy0  k= 4 full=0.1680
[18:13:26] [abl] ternary     entropy0  k= 8 full=0.1686
[18:13:26] [golbandi_leaf] node model over 140768 train users, lambda=8.0, mode=no_unknown
[18:14:23] [abl] no_unknown  helf      k= 2 full=0.1714
[18:15:21] [abl] no_unknown  helf      k= 4 full=0.1823
[18:16:19] [abl] no_unknown  helf      k= 8 full=0.1867
[18:18:23] [abl] no_unknown  entropy0  k= 2 full=0.1688
[18:20:13] [abl] no_unknown  entropy0  k= 4 full=0.1766
[18:21:47] [abl] no_unknown  entropy0  k= 8 full=0.1879
[18:21:48] [golbandi_leaf] node model over 140768 train users, lambda=8.0, mode=no_sign
[18:22:00] [abl] no_sign     helf      k= 2 full=0.1681
[18:22:14] [abl] no_sign     helf      k= 4 full=0.1741
[18:22:28] [abl] no_sign     helf      k= 8 full=0.1881
[18:22:41] [abl] no_sign     entropy0  k= 2 full=0.1541
[18:22:54] [abl] no_sign     entropy0  k= 4 full=0.1575
[18:23:07] [abl] no_sign     entropy0  k= 8 full=0.1624
