[16:05:30] [arm_n] graded matrices from cache: train nnz=21682110 test nnz=1411761
[16:05:30] [arm_n] pool nnz=1411761 (te_tr 625946, graded 1411761); te_tr items absent from the graded rebuild: 0
[16:05:30] [arm_n] ruler: 18359 items, 10000 test users, head=190; pool excludes 141.2 items/user vs 62.6 in arm A; target leak 0
[16:05:31] [strategies] orders built over 18359 items; top-5 popularity=[5, 121, 8, 123, 59] helf=[551, 463, 154, 339, 77]
[16:05:32] [interview] 5 recommenders x 6 strategies x 5 budgets
[16:05:32] [teacher] RecVAE loaded from state.best_state: ep25 best_val=0.3512 (hidden=600 latent=200) -- FROZEN
[16:05:33] [model] i25 arm A: decoder FROZEN RecVAE W+b (G0-identity restored)
[16:05:33] [model] SIGN INIT v2 applied: gamma(level)=[-1.0, -1.0, -1.0, -0.75, -0.5, 0.25, 0.25, 1.0, 1.0, 1.0] (likes full +1, neutral +0.25, dislikes graded negative); beta=0
[16:05:33] [model] arch=i25 d_lat=200 TRAINABLE=838,250 FROZEN=7,362,159 (+ unregistered frozen native encoder ~13.4M params, not counted/saved) train_decoder=False
[16:05:36] [recvae] RESUMED ep25 best=0.3512
[16:08:28] [ials] trained f=200 reg=0.1 alpha=50.0 it=15 (2.9m)
[16:08:28] [rbmf_seed] frozen iALS f=200 (2.9m); ls_reg=1.0
[16:11:11] [ials] trained f=200 reg=0.1 alpha=50.0 it=15 (2.7m)
[16:11:13] [belief_mf] frozen iALS f=200 (2.7m); prior mu0|=8.060 tr(Sig0)=336.847; obs_noise=1.0
[16:11:14] [golbandi_leaf] node model over 140768 train users, lambda=8.0
[16:11:14] [pop] fitted item popularity over 140768 train users, 18359 items
[16:11:34] [interview] mostpop PRIOR (constant, answer-independent): full=0.1626 tail=0.0262
[16:12:13] [interview] ours           helf           k= 1 answered= 0.2/1 floored= 7843 full=0.1632 tail=0.0302 (0.7m)
[16:12:52] [interview] ours           helf           k= 2 answered= 0.5/2 floored= 6107 full=0.1668 tail=0.0410 (0.6m)
[16:13:32] [interview] ours           helf           k= 4 answered= 0.8/4 floored= 5041 full=0.1802 tail=0.0545 (0.7m)
[16:14:13] [interview] ours           helf           k= 8 answered= 1.6/8 floored= 3737 full=0.1899 tail=0.0637 (0.7m)
[16:14:52] [interview] ours           helf           k=16 answered= 3.3/16 floored= 2111 full=0.2122 tail=0.0812 (0.7m)
[16:15:29] [interview] ours           entropy0       k= 1 answered= 0.4/1 floored= 5633 full=0.1646 tail=0.0401 (0.6m)
[16:16:10] [interview] ours           entropy0       k= 2 answered= 0.9/2 floored= 3933 full=0.1685 tail=0.0472 (0.7m)
[16:16:52] [interview] ours           entropy0       k= 4 answered= 1.6/4 floored= 2531 full=0.1765 tail=0.0532 (0.7m)
[16:17:36] [interview] ours           entropy0       k= 8 answered= 3.1/8 floored= 1463 full=0.1935 tail=0.0635 (0.7m)
[16:18:15] [interview] ours           entropy0       k=16 answered= 5.5/16 floored=  780 full=0.2146 tail=0.0728 (0.7m)
[16:18:48] [interview] ours           popularity     k= 1 answered= 0.4/1 floored= 5803 full=0.1597 tail=0.0355 (0.5m)
[16:19:23] [interview] ours           popularity     k= 2 answered= 0.8/2 floored= 4054 full=0.1627 tail=0.0437 (0.6m)
[16:19:56] [interview] ours           popularity     k= 4 answered= 1.7/4 floored= 2634 full=0.1693 tail=0.0497 (0.6m)
[16:20:29] [interview] ours           popularity     k= 8 answered= 3.1/8 floored= 1425 full=0.1775 tail=0.0560 (0.6m)
[16:21:06] [interview] ours           popularity     k=16 answered= 5.4/16 floored=  894 full=0.2015 tail=0.0620 (0.6m)
[16:21:37] [interview] ours           pure_entropy   k= 1 answered= 0.0/1 floored= 9925 full=0.1629 tail=0.0267 (0.5m)
[16:22:09] [interview] ours           pure_entropy   k= 2 answered= 0.0/2 floored= 9910 full=0.1628 tail=0.0267 (0.5m)
[16:22:40] [interview] ours           pure_entropy   k= 4 answered= 0.0/4 floored= 9904 full=0.1628 tail=0.0266 (0.5m)
[16:23:12] [interview] ours           pure_entropy   k= 8 answered= 0.0/8 floored= 9728 full=0.1634 tail=0.0282 (0.5m)
[16:23:47] [interview] ours           pure_entropy   k=16 answered= 0.1/16 floored= 9468 full=0.1647 tail=0.0314 (0.6m)
[16:24:22] [interview] ours           random_bank    k= 1 answered= 0.0/1 floored= 9920 full=0.1628 tail=0.0266 (0.6m)
[16:25:01] [interview] ours           random_bank    k= 2 answered= 0.0/2 floored= 9837 full=0.1630 tail=0.0273 (0.6m)
[16:25:36] [interview] ours           random_bank    k= 4 answered= 0.0/4 floored= 9685 full=0.1634 tail=0.0282 (0.6m)
[16:26:08] [interview] ours           random_bank    k= 8 answered= 0.1/8 floored= 9408 full=0.1642 tail=0.0299 (0.5m)
[16:26:41] [interview] ours           random_bank    k=16 answered= 0.1/16 floored= 8996 full=0.1651 tail=0.0330 (0.6m)
[16:27:13] [interview] ours           random_catalog k= 1 answered= 0.0/1 floored= 9911 full=0.1629 tail=0.0266 (0.5m)
[16:28:30] [interview] ours           random_catalog k= 2 answered= 0.0/2 floored= 9851 full=0.1628 tail=0.0276 (1.3m)
[16:29:22] [interview] ours           random_catalog k= 4 answered= 0.0/4 floored= 9705 full=0.1634 tail=0.0284 (0.9m)
[16:29:57] [interview] ours           random_catalog k= 8 answered= 0.1/8 floored= 9459 full=0.1640 tail=0.0298 (0.6m)
[16:30:35] [interview] ours           random_catalog k=16 answered= 0.1/16 floored= 8968 full=0.1649 tail=0.0323 (0.6m)
[16:31:23] [interview] recvae_likes   helf           k= 1 answered= 0.2/1 floored= 7843 full=0.1141 tail=0.0207 (0.8m)
[16:32:01] [interview] recvae_likes   helf           k= 2 answered= 0.5/2 floored= 6107 full=0.0991 tail=0.0245 (0.6m)
[16:32:35] [interview] recvae_likes   helf           k= 4 answered= 0.8/4 floored= 5041 full=0.1087 tail=0.0325 (0.6m)
[16:33:10] [interview] recvae_likes   helf           k= 8 answered= 1.6/8 floored= 3737 full=0.1413 tail=0.0477 (0.6m)
[16:33:44] [interview] recvae_likes   helf           k=16 answered= 3.3/16 floored= 2111 full=0.1813 tail=0.0649 (0.6m)
[16:34:27] [interview] recvae_likes   entropy0       k= 1 answered= 0.4/1 floored= 5633 full=0.1284 tail=0.0317 (0.7m)
[16:35:04] [interview] recvae_likes   entropy0       k= 2 answered= 0.9/2 floored= 3933 full=0.1294 tail=0.0373 (0.6m)
[16:35:39] [interview] recvae_likes   entropy0       k= 4 answered= 1.6/4 floored= 2531 full=0.1580 tail=0.0467 (0.6m)
[16:36:17] [interview] recvae_likes   entropy0       k= 8 answered= 3.1/8 floored= 1463 full=0.1777 tail=0.0589 (0.6m)
[16:36:53] [interview] recvae_likes   entropy0       k=16 answered= 5.5/16 floored=  780 full=0.2238 tail=0.0747 (0.6m)
[16:37:32] [interview] recvae_likes   popularity     k= 1 answered= 0.4/1 floored= 5803 full=0.1355 tail=0.0295 (0.6m)
[16:38:11] [interview] recvae_likes   popularity     k= 2 answered= 0.8/2 floored= 4054 full=0.1295 tail=0.0348 (0.7m)
[16:38:49] [interview] recvae_likes   popularity     k= 4 answered= 1.7/4 floored= 2634 full=0.1372 tail=0.0412 (0.6m)
[16:39:26] [interview] recvae_likes   popularity     k= 8 answered= 3.1/8 floored= 1425 full=0.1817 tail=0.0547 (0.6m)
[16:40:06] [interview] recvae_likes   popularity     k=16 answered= 5.4/16 floored=  894 full=0.2182 tail=0.0658 (0.7m)
[16:40:47] [interview] recvae_likes   pure_entropy   k= 1 answered= 0.0/1 floored= 9925 full=0.1613 tail=0.0258 (0.7m)
[16:41:26] [interview] recvae_likes   pure_entropy   k= 2 answered= 0.0/2 floored= 9910 full=0.1609 tail=0.0258 (0.7m)
[16:42:02] [interview] recvae_likes   pure_entropy   k= 4 answered= 0.0/4 floored= 9904 full=0.1609 tail=0.0258 (0.6m)
[16:42:38] [interview] recvae_likes   pure_entropy   k= 8 answered= 0.0/8 floored= 9728 full=0.1568 tail=0.0254 (0.6m)
[16:43:15] [interview] recvae_likes   pure_entropy   k=16 answered= 0.1/16 floored= 9468 full=0.1505 tail=0.0251 (0.6m)
[16:43:56] [interview] recvae_likes   random_bank    k= 1 answered= 0.0/1 floored= 9920 full=0.1604 tail=0.0260 (0.7m)
[16:44:32] [interview] recvae_likes   random_bank    k= 2 answered= 0.0/2 floored= 9837 full=0.1589 tail=0.0260 (0.6m)
[16:45:22] [interview] recvae_likes   random_bank    k= 4 answered= 0.0/4 floored= 9685 full=0.1559 tail=0.0258 (0.8m)
[16:46:01] [interview] recvae_likes   random_bank    k= 8 answered= 0.1/8 floored= 9408 full=0.1512 tail=0.0261 (0.7m)
[16:46:47] [interview] recvae_likes   random_bank    k=16 answered= 0.1/16 floored= 8996 full=0.1458 tail=0.0275 (0.8m)
[16:47:29] [interview] recvae_likes   random_catalog k= 1 answered= 0.0/1 floored= 9911 full=0.1607 tail=0.0258 (0.7m)
[16:48:11] [interview] recvae_likes   random_catalog k= 2 answered= 0.0/2 floored= 9851 full=0.1596 tail=0.0263 (0.7m)
[16:48:51] [interview] recvae_likes   random_catalog k= 4 answered= 0.0/4 floored= 9705 full=0.1573 tail=0.0260 (0.7m)
[16:49:32] [interview] recvae_likes   random_catalog k= 8 answered= 0.1/8 floored= 9459 full=0.1527 tail=0.0260 (0.7m)
[16:50:12] [interview] recvae_likes   random_catalog k=16 answered= 0.1/16 floored= 8968 full=0.1454 tail=0.0260 (0.7m)
[16:50:32] [interview] golbandi_leaf  helf           k= 1 answered= 0.2/1 floored= 7843 full=0.1662 tail=0.0322 (0.3m)
[16:50:51] [interview] golbandi_leaf  helf           k= 2 answered= 0.5/2 floored= 6107 full=0.1727 tail=0.0423 (0.3m)
[16:51:22] [interview] golbandi_leaf  helf           k= 4 answered= 0.8/4 floored= 5041 full=0.1871 tail=0.0603 (0.5m)
[16:51:55] [interview] golbandi_leaf  helf           k= 8 answered= 1.6/8 floored= 3737 full=0.1899 tail=0.0632 (0.5m)
[16:51:55] [interview] SKIP golbandi_leaf k=16 > 8: 3^k answer patterns fragment the leaves to nothing and the shrunk mean returns the global mean -- that is Most-Popular in disguise, not the method.
[16:52:27] [interview] golbandi_leaf  entropy0       k= 1 answered= 0.4/1 floored= 5633 full=0.1659 tail=0.0328 (0.5m)
[16:53:00] [interview] golbandi_leaf  entropy0       k= 2 answered= 0.9/2 floored= 3933 full=0.1591 tail=0.0369 (0.6m)
[16:53:32] [interview] golbandi_leaf  entropy0       k= 4 answered= 1.6/4 floored= 2531 full=0.1683 tail=0.0586 (0.5m)
[16:54:09] [interview] golbandi_leaf  entropy0       k= 8 answered= 3.1/8 floored= 1463 full=0.1704 tail=0.0656 (0.6m)
[16:54:09] [interview] SKIP golbandi_leaf k=16 > 8: 3^k answer patterns fragment the leaves to nothing and the shrunk mean returns the global mean -- that is Most-Popular in disguise, not the method.
[16:54:39] [interview] golbandi_leaf  popularity     k= 1 answered= 0.4/1 floored= 5803 full=0.1640 tail=0.0280 (0.5m)
[16:55:12] [interview] golbandi_leaf  popularity     k= 2 answered= 0.8/2 floored= 4054 full=0.1548 tail=0.0380 (0.5m)
[16:55:43] [interview] golbandi_leaf  popularity     k= 4 answered= 1.7/4 floored= 2634 full=0.1424 tail=0.0429 (0.5m)
[16:56:18] [interview] golbandi_leaf  popularity     k= 8 answered= 3.1/8 floored= 1425 full=0.1727 tail=0.0664 (0.6m)
[16:56:18] [interview] SKIP golbandi_leaf k=16 > 8: 3^k answer patterns fragment the leaves to nothing and the shrunk mean returns the global mean -- that is Most-Popular in disguise, not the method.
[16:56:51] [interview] golbandi_leaf  pure_entropy   k= 1 answered= 0.0/1 floored= 9925 full=0.1634 tail=0.0271 (0.5m)
[16:57:27] [interview] golbandi_leaf  pure_entropy   k= 2 answered= 0.0/2 floored= 9910 full=0.1634 tail=0.0272 (0.6m)
[16:57:59] [interview] golbandi_leaf  pure_entropy   k= 4 answered= 0.0/4 floored= 9904 full=0.1634 tail=0.0273 (0.5m)
[16:58:31] [interview] golbandi_leaf  pure_entropy   k= 8 answered= 0.0/8 floored= 9728 full=0.1643 tail=0.0293 (0.5m)
[16:58:31] [interview] SKIP golbandi_leaf k=16 > 8: 3^k answer patterns fragment the leaves to nothing and the shrunk mean returns the global mean -- that is Most-Popular in disguise, not the method.
[17:00:01] [interview] golbandi_leaf  random_bank    k= 1 answered= 0.0/1 floored= 9920 full=0.1629 tail=0.0269 (1.5m)
[17:02:09] [interview] golbandi_leaf  random_bank    k= 2 answered= 0.0/2 floored= 9837 full=0.1632 tail=0.0277 (2.1m)
[17:04:48] [interview] golbandi_leaf  random_bank    k= 4 answered= 0.0/4 floored= 9685 full=0.1639 tail=0.0290 (2.7m)
[17:08:20] [interview] golbandi_leaf  random_bank    k= 8 answered= 0.1/8 floored= 9408 full=0.1655 tail=0.0318 (3.5m)
[17:08:20] [interview] SKIP golbandi_leaf k=16 > 8: 3^k answer patterns fragment the leaves to nothing and the shrunk mean returns the global mean -- that is Most-Popular in disguise, not the method.
[17:09:42] [interview] golbandi_leaf  random_catalog k= 1 answered= 0.0/1 floored= 9911 full=0.1633 tail=0.0270 (1.4m)
[17:11:23] [interview] golbandi_leaf  random_catalog k= 2 answered= 0.0/2 floored= 9851 full=0.1632 tail=0.0280 (1.7m)
[17:13:42] [interview] golbandi_leaf  random_catalog k= 4 answered= 0.0/4 floored= 9705 full=0.1641 tail=0.0292 (2.3m)
[17:16:30] [interview] golbandi_leaf  random_catalog k= 8 answered= 0.1/8 floored= 9459 full=0.1661 tail=0.0315 (2.8m)
[17:16:30] [interview] SKIP golbandi_leaf k=16 > 8: 3^k answer patterns fragment the leaves to nothing and the shrunk mean returns the global mean -- that is Most-Popular in disguise, not the method.
[17:16:55] [interview] rbmf           helf           k= 1 answered= 0.2/1 floored= 7843 full=0.1165 tail=0.0238 (0.4m)
[17:17:32] [interview] rbmf           helf           k= 2 answered= 0.5/2 floored= 6107 full=0.1034 tail=0.0293 (0.6m)
[17:18:11] [interview] rbmf           helf           k= 4 answered= 0.8/4 floored= 5041 full=0.0994 tail=0.0354 (0.7m)
[17:18:53] [interview] rbmf           helf           k= 8 answered= 1.6/8 floored= 3737 full=0.1127 tail=0.0444 (0.7m)
[17:19:29] [interview] rbmf           helf           k=16 answered= 3.3/16 floored= 2111 full=0.1481 tail=0.0496 (0.6m)
[17:19:57] [interview] rbmf           entropy0       k= 1 answered= 0.4/1 floored= 5633 full=0.1485 tail=0.0220 (0.5m)
[17:20:26] [interview] rbmf           entropy0       k= 2 answered= 0.9/2 floored= 3933 full=0.1481 tail=0.0267 (0.5m)
[17:21:01] [interview] rbmf           entropy0       k= 4 answered= 1.6/4 floored= 2531 full=0.1553 tail=0.0301 (0.6m)
[17:21:37] [interview] rbmf           entropy0       k= 8 answered= 3.1/8 floored= 1463 full=0.1713 tail=0.0391 (0.6m)
[17:22:15] [interview] rbmf           entropy0       k=16 answered= 5.5/16 floored=  780 full=0.2004 tail=0.0480 (0.6m)
[17:22:42] [interview] rbmf           popularity     k= 1 answered= 0.4/1 floored= 5803 full=0.1494 tail=0.0216 (0.5m)
[17:23:28] [interview] rbmf           popularity     k= 2 answered= 0.8/2 floored= 4054 full=0.1466 tail=0.0264 (0.8m)
[17:24:31] [interview] rbmf           popularity     k= 4 answered= 1.7/4 floored= 2634 full=0.1517 tail=0.0280 (1.1m)
[17:25:39] [interview] rbmf           popularity     k= 8 answered= 3.1/8 floored= 1425 full=0.1718 tail=0.0355 (1.1m)
[17:26:52] [interview] rbmf           popularity     k=16 answered= 5.4/16 floored=  894 full=0.1980 tail=0.0451 (1.2m)
[17:27:23] [interview] rbmf           pure_entropy   k= 1 answered= 0.0/1 floored= 9925 full=0.1613 tail=0.0259 (0.5m)
[17:28:00] [interview] rbmf           pure_entropy   k= 2 answered= 0.0/2 floored= 9910 full=0.1609 tail=0.0258 (0.6m)
[17:28:32] [interview] rbmf           pure_entropy   k= 4 answered= 0.0/4 floored= 9904 full=0.1607 tail=0.0258 (0.5m)
[17:29:03] [interview] rbmf           pure_entropy   k= 8 answered= 0.0/8 floored= 9728 full=0.1565 tail=0.0254 (0.5m)
[17:29:37] [interview] rbmf           pure_entropy   k=16 answered= 0.1/16 floored= 9468 full=0.1504 tail=0.0256 (0.6m)
[17:30:08] [interview] rbmf           random_bank    k= 1 answered= 0.0/1 floored= 9920 full=0.1603 tail=0.0261 (0.5m)
[17:30:40] [interview] rbmf           random_bank    k= 2 answered= 0.0/2 floored= 9837 full=0.1585 tail=0.0262 (0.5m)
[17:31:12] [interview] rbmf           random_bank    k= 4 answered= 0.0/4 floored= 9685 full=0.1557 tail=0.0263 (0.5m)
[17:31:47] [interview] rbmf           random_bank    k= 8 answered= 0.1/8 floored= 9408 full=0.1500 tail=0.0263 (0.6m)
[17:32:34] [interview] rbmf           random_bank    k=16 answered= 0.1/16 floored= 8996 full=0.1427 tail=0.0276 (0.8m)
[17:33:04] [interview] rbmf           random_catalog k= 1 answered= 0.0/1 floored= 9911 full=0.1604 tail=0.0258 (0.5m)
[17:33:40] [interview] rbmf           random_catalog k= 2 answered= 0.0/2 floored= 9851 full=0.1593 tail=0.0262 (0.6m)
[17:34:14] [interview] rbmf           random_catalog k= 4 answered= 0.0/4 floored= 9705 full=0.1563 tail=0.0263 (0.6m)
[17:34:47] [interview] rbmf           random_catalog k= 8 answered= 0.1/8 floored= 9459 full=0.1516 tail=0.0267 (0.6m)
[17:35:24] [interview] rbmf           random_catalog k=16 answered= 0.1/16 floored= 8968 full=0.1435 tail=0.0274 (0.6m)
[17:36:31] [interview] belief_mf      helf           k= 1 answered= 0.2/1 floored= 7843 full=0.1620 tail=0.0283 (1.1m)
[17:37:39] [interview] belief_mf      helf           k= 2 answered= 0.5/2 floored= 6107 full=0.1617 tail=0.0297 (1.1m)
[17:38:50] [interview] belief_mf      helf           k= 4 answered= 0.8/4 floored= 5041 full=0.1605 tail=0.0315 (1.2m)
[17:40:03] [interview] belief_mf      helf           k= 8 answered= 1.6/8 floored= 3737 full=0.1597 tail=0.0347 (1.2m)
[17:41:12] [interview] belief_mf      helf           k=16 answered= 3.3/16 floored= 2111 full=0.1633 tail=0.0363 (1.1m)
[17:42:17] [interview] belief_mf      entropy0       k= 1 answered= 0.4/1 floored= 5633 full=0.1635 tail=0.0272 (1.1m)
[17:43:23] [interview] belief_mf      entropy0       k= 2 answered= 0.9/2 floored= 3933 full=0.1641 tail=0.0281 (1.1m)
[17:44:31] [interview] belief_mf      entropy0       k= 4 answered= 1.6/4 floored= 2531 full=0.1623 tail=0.0287 (1.1m)
[17:45:40] [interview] belief_mf      entropy0       k= 8 answered= 3.1/8 floored= 1463 full=0.1633 tail=0.0306 (1.2m)
[17:46:51] [interview] belief_mf      entropy0       k=16 answered= 5.5/16 floored=  780 full=0.1660 tail=0.0337 (1.2m)
[17:47:56] [interview] belief_mf      popularity     k= 1 answered= 0.4/1 floored= 5803 full=0.1624 tail=0.0268 (1.1m)
[17:49:04] [interview] belief_mf      popularity     k= 2 answered= 0.8/2 floored= 4054 full=0.1629 tail=0.0282 (1.1m)
[17:50:14] [interview] belief_mf      popularity     k= 4 answered= 1.7/4 floored= 2634 full=0.1628 tail=0.0285 (1.2m)
[17:51:32] [interview] belief_mf      popularity     k= 8 answered= 3.1/8 floored= 1425 full=0.1632 tail=0.0303 (1.3m)
[17:52:50] [interview] belief_mf      popularity     k=16 answered= 5.4/16 floored=  894 full=0.1665 tail=0.0341 (1.3m)
[17:53:58] [interview] belief_mf      pure_entropy   k= 1 answered= 0.0/1 floored= 9925 full=0.1625 tail=0.0261 (1.1m)
[17:55:06] [interview] belief_mf      pure_entropy   k= 2 answered= 0.0/2 floored= 9910 full=0.1624 tail=0.0262 (1.1m)
[17:56:15] [interview] belief_mf      pure_entropy   k= 4 answered= 0.0/4 floored= 9904 full=0.1624 tail=0.0262 (1.1m)
[17:57:24] [interview] belief_mf      pure_entropy   k= 8 answered= 0.0/8 floored= 9728 full=0.1620 tail=0.0261 (1.1m)
[17:58:18] [interview] belief_mf      pure_entropy   k=16 answered= 0.1/16 floored= 9468 full=0.1614 tail=0.0258 (0.9m)
[17:58:54] [interview] belief_mf      random_bank    k= 1 answered= 0.0/1 floored= 9920 full=0.1626 tail=0.0265 (0.6m)
[18:00:20] [interview] belief_mf      random_bank    k= 2 answered= 0.0/2 floored= 9837 full=0.1625 tail=0.0268 (1.4m)
[18:00:52] [interview] belief_mf      random_bank    k= 4 answered= 0.0/4 floored= 9685 full=0.1625 tail=0.0271 (0.5m)
[18:01:23] [interview] belief_mf      random_bank    k= 8 answered= 0.1/8 floored= 9408 full=0.1625 tail=0.0278 (0.5m)
[18:01:55] [interview] belief_mf      random_bank    k=16 answered= 0.1/16 floored= 8996 full=0.1626 tail=0.0291 (0.5m)
[18:02:27] [interview] belief_mf      random_catalog k= 1 answered= 0.0/1 floored= 9911 full=0.1626 tail=0.0265 (0.5m)
[18:02:59] [interview] belief_mf      random_catalog k= 2 answered= 0.0/2 floored= 9851 full=0.1627 tail=0.0266 (0.5m)
[18:03:33] [interview] belief_mf      random_catalog k= 4 answered= 0.0/4 floored= 9705 full=0.1626 tail=0.0269 (0.6m)
[18:04:05] [interview] belief_mf      random_catalog k= 8 answered= 0.1/8 floored= 9459 full=0.1624 tail=0.0276 (0.5m)
[18:04:37] [interview] belief_mf      random_catalog k=16 answered= 0.1/16 floored= 8968 full=0.1625 tail=0.0280 (0.5m)
[18:04:37] [interview] done -> C:\dev\phd\casper\experiments\baselines\interview\interview_table.json
