[15:34:14] [arm_n] graded matrices from cache: train nnz=21682110 test nnz=1411761
[15:34:14] [arm_n] pool nnz=1411761 (te_tr 625946, graded 1411761); te_tr items absent from the graded rebuild: 0
[15:34:14] [arm_n] ruler: 18359 items, 10000 test users, head=190; pool excludes 141.2 items/user vs 62.6 in arm A; target leak 0
[15:34:15] [strategies] orders built over 18359 items; top-5 popularity=[5, 121, 8, 123, 59] helf=[551, 463, 154, 339, 77]
[15:34:16] [interview] 1 recommenders x 3 strategies x 5 budgets
[15:34:16] [teacher] RecVAE loaded from state.best_state: ep25 best_val=0.3512 (hidden=600 latent=200) -- FROZEN
[15:34:17] [model] i26: decoder FROZEN RecVAE W+b; exposure branch + delta_b ZERO-INIT (bit-identical to i25 at step 0)
[15:34:17] [model] i26 LR groups: NEW 234,897 params @ lr=0.0003; WARM 838,250 params @ lr=2.9999999999999997e-05 (warm_lr_scale=0.1)
[15:34:17] [model] arch=i26 TRAINABLE=1,073,147 (exposure branch 234,697; NO per-item bias -- the prior is learned from the k=0 curriculum bucket)
[15:34:17] [model] SIGN INIT v2 applied: gamma(level)=[-1.0, -1.0, -1.0, -0.75, -0.5, 0.25, 0.25, 1.0, 1.0, 1.0] (likes full +1, neutral +0.25, dislikes graded negative); beta=0
[15:34:17] [interview] ours = i26 from t2i26_ep09.pt (ep=9 val_full=0.3311267527640806)
[15:34:17] [pop] fitted item popularity over 140768 train users, 18359 items
[15:34:33] [interview] mostpop PRIOR (constant, answer-independent): full=0.1626 tail=0.0262
[15:34:52] [interview] ours           helf           k= 1 answered= 0.2/1 floored= 7843 full=0.1638 tail=0.0311 (0.3m)
[15:35:17] [interview] ours           helf           k= 2 answered= 0.5/2 floored= 6107 full=0.1646 tail=0.0431 (0.4m)
[15:35:48] [interview] ours           helf           k= 4 answered= 0.8/4 floored= 5041 full=0.1775 tail=0.0557 (0.5m)
[15:36:19] [interview] ours           helf           k= 8 answered= 1.6/8 floored= 3737 full=0.1859 tail=0.0662 (0.5m)
[15:36:55] [interview] ours           helf           k=16 answered= 3.3/16 floored= 2111 full=0.2118 tail=0.0850 (0.6m)
[15:37:28] [interview] ours           entropy0       k= 1 answered= 0.4/1 floored= 5633 full=0.1665 tail=0.0415 (0.6m)
[15:38:00] [interview] ours           entropy0       k= 2 answered= 0.9/2 floored= 3933 full=0.1703 tail=0.0490 (0.5m)
[15:38:35] [interview] ours           entropy0       k= 4 answered= 1.6/4 floored= 2531 full=0.1809 tail=0.0573 (0.6m)
[15:39:12] [interview] ours           entropy0       k= 8 answered= 3.1/8 floored= 1463 full=0.2058 tail=0.0746 (0.6m)
[15:39:50] [interview] ours           entropy0       k=16 answered= 5.5/16 floored=  780 full=0.2312 tail=0.0876 (0.6m)
[15:40:20] [interview] ours           popularity     k= 1 answered= 0.4/1 floored= 5803 full=0.1620 tail=0.0346 (0.5m)
[15:40:51] [interview] ours           popularity     k= 2 answered= 0.8/2 floored= 4054 full=0.1639 tail=0.0438 (0.5m)
[15:41:25] [interview] ours           popularity     k= 4 answered= 1.7/4 floored= 2634 full=0.1724 tail=0.0522 (0.6m)
[15:42:01] [interview] ours           popularity     k= 8 answered= 3.1/8 floored= 1425 full=0.1873 tail=0.0621 (0.6m)
[15:42:39] [interview] ours           popularity     k=16 answered= 5.4/16 floored=  894 full=0.2196 tail=0.0774 (0.6m)
[15:42:39] [interview] done -> C:\dev\phd\casper\experiments\baselines\interview\interview_table_ep_latest.json
