[14:59:22] [arm_n] graded matrices from cache: train nnz=21682110 test nnz=1411761
[14:59:23] [arm_n] pool nnz=1411761 (te_tr 625946, graded 1411761); te_tr items absent from the graded rebuild: 0
[14:59:23] [arm_n] ruler: 18359 items, 10000 test users, head=190; pool excludes 141.2 items/user vs 62.6 in arm A; target leak 0
[14:59:24] [strategies] orders built over 18359 items; top-5 popularity=[5, 121, 8, 123, 59] helf=[551, 463, 154, 339, 77]
[14:59:24] [interview] 5 recommenders x 6 strategies x 5 budgets
[14:59:24] [teacher] RecVAE loaded from state.best_state: ep25 best_val=0.3512 (hidden=600 latent=200) -- FROZEN
[14:59:25] [model] i25 arm A: decoder FROZEN RecVAE W+b (G0-identity restored)
[14:59:25] [model] SIGN INIT v2 applied: gamma(level)=[-1.0, -1.0, -1.0, -0.75, -0.5, 0.25, 0.25, 1.0, 1.0, 1.0] (likes full +1, neutral +0.25, dislikes graded negative); beta=0
[14:59:25] [model] arch=i25 d_lat=200 TRAINABLE=838,250 FROZEN=7,362,159 (+ unregistered frozen native encoder ~13.4M params, not counted/saved) train_decoder=False
[14:59:31] [recvae] RESUMED ep25 best=0.3512
[15:00:35] [ials] trained f=200 reg=0.1 alpha=50.0 it=15 (1.1m)
[15:00:35] [rbmf_seed] frozen iALS f=200 (1.1m); ls_reg=1.0
[15:01:32] [ials] trained f=200 reg=0.1 alpha=50.0 it=15 (1.0m)
[15:01:33] [belief_mf] frozen iALS f=200 (1.0m); prior mu0|=8.166 tr(Sig0)=340.258; obs_noise=1.0
[15:01:34] [golbandi_leaf] node model over 140768 train users, lambda=8.0
[15:01:34] [pop] fitted item popularity over 140768 train users, 18359 items
[15:01:52] [interview] mostpop PRIOR (constant, answer-independent): full=0.1626 tail=0.0262
[15:02:26] [interview] ours           helf           k= 1 answered= 0.2/1 full=0.1588 tail=0.0269 (0.6m)
[15:02:58] [interview] ours           helf           k= 2 answered= 0.5/2 full=0.1642 tail=0.0392 (0.5m)
[15:03:31] [interview] ours           helf           k= 4 answered= 0.8/4 full=0.1787 tail=0.0533 (0.6m)
[15:04:04] [interview] ours           helf           k= 8 answered= 1.6/8 full=0.1890 tail=0.0624 (0.5m)
[15:04:33] [interview] ours           helf           k=16 answered= 3.3/16 full=0.2122 tail=0.0810 (0.5m)
[15:04:57] [interview] ours           entropy0       k= 1 answered= 0.4/1 full=0.1624 tail=0.0397 (0.4m)
[15:05:15] [interview] ours           entropy0       k= 2 answered= 0.9/2 full=0.1671 tail=0.0479 (0.3m)
[15:05:55] [interview] ours           entropy0       k= 4 answered= 1.6/4 full=0.1763 tail=0.0530 (0.7m)
[15:06:29] [interview] ours           entropy0       k= 8 answered= 3.1/8 full=0.1934 tail=0.0636 (0.6m)
[15:07:01] [interview] ours           entropy0       k=16 answered= 5.5/16 full=0.2146 tail=0.0732 (0.5m)
[15:07:41] [interview] ours           popularity     k= 1 answered= 0.4/1 full=0.1569 tail=0.0352 (0.7m)
[15:08:18] [interview] ours           popularity     k= 2 answered= 0.8/2 full=0.1609 tail=0.0435 (0.6m)
[15:09:07] [interview] ours           popularity     k= 4 answered= 1.7/4 full=0.1685 tail=0.0499 (0.8m)
[15:09:43] [interview] ours           popularity     k= 8 answered= 3.1/8 full=0.1774 tail=0.0558 (0.6m)
[15:10:16] [interview] ours           popularity     k=16 answered= 5.4/16 full=0.2016 tail=0.0619 (0.6m)
[15:10:47] [interview] ours           pure_entropy   k= 1 answered= 0.0/1 full=0.1554 tail=0.0236 (0.5m)
[15:11:19] [interview] ours           pure_entropy   k= 2 answered= 0.0/2 full=0.1554 tail=0.0236 (0.5m)
[15:11:47] [interview] ours           pure_entropy   k= 4 answered= 0.0/4 full=0.1554 tail=0.0236 (0.5m)
[15:12:18] [interview] ours           pure_entropy   k= 8 answered= 0.0/8 full=0.1564 tail=0.0257 (0.5m)
[15:12:52] [interview] ours           pure_entropy   k=16 answered= 0.1/16 full=0.1582 tail=0.0297 (0.6m)
[15:13:23] [interview] ours           random_bank    k= 1 answered= 0.0/1 full=0.1552 tail=0.0234 (0.5m)
[15:13:59] [interview] ours           random_bank    k= 2 answered= 0.0/2 full=0.1556 tail=0.0239 (0.6m)
[15:14:28] [interview] ours           random_bank    k= 4 answered= 0.0/4 full=0.1563 tail=0.0249 (0.5m)
[15:15:02] [interview] ours           random_bank    k= 8 answered= 0.1/8 full=0.1570 tail=0.0264 (0.6m)
[15:15:34] [interview] ours           random_bank    k=16 answered= 0.1/16 full=0.1581 tail=0.0291 (0.5m)
[15:16:09] [interview] ours           random_catalog k= 1 answered= 0.0/1 full=0.1553 tail=0.0235 (0.6m)
[15:16:43] [interview] ours           random_catalog k= 2 answered= 0.0/2 full=0.1556 tail=0.0239 (0.6m)
[15:17:26] [interview] ours           random_catalog k= 4 answered= 0.0/4 full=0.1562 tail=0.0250 (0.7m)
[15:18:10] [interview] ours           random_catalog k= 8 answered= 0.1/8 full=0.1567 tail=0.0262 (0.7m)
[15:18:56] [interview] ours           random_catalog k=16 answered= 0.1/16 full=0.1585 tail=0.0291 (0.8m)
[15:19:30] [interview] recvae_likes   helf           k= 1 answered= 0.2/1 full=0.0099 tail=0.0041 (0.6m)
[15:20:04] [interview] recvae_likes   helf           k= 2 answered= 0.5/2 full=0.0251 tail=0.0136 (0.6m)
[15:20:40] [interview] recvae_likes   helf           k= 4 answered= 0.8/4 full=0.0513 tail=0.0246 (0.6m)
[15:21:16] [interview] recvae_likes   helf           k= 8 answered= 1.6/8 full=0.1003 tail=0.0418 (0.6m)
[15:21:51] [interview] recvae_likes   helf           k=16 answered= 3.3/16 full=0.1646 tail=0.0622 (0.6m)
[15:22:22] [interview] recvae_likes   entropy0       k= 1 answered= 0.4/1 full=0.0607 tail=0.0218 (0.5m)
[15:22:54] [interview] recvae_likes   entropy0       k= 2 answered= 0.9/2 full=0.0961 tail=0.0323 (0.5m)
[15:23:23] [interview] recvae_likes   entropy0       k= 4 answered= 1.6/4 full=0.1443 tail=0.0438 (0.5m)
[15:23:55] [interview] recvae_likes   entropy0       k= 8 answered= 3.1/8 full=0.1718 tail=0.0576 (0.5m)
[15:24:26] [interview] recvae_likes   entropy0       k=16 answered= 5.5/16 full=0.2215 tail=0.0742 (0.5m)
[15:24:55] [interview] recvae_likes   popularity     k= 1 answered= 0.4/1 full=0.0664 tail=0.0192 (0.5m)
[15:25:23] [interview] recvae_likes   popularity     k= 2 answered= 0.8/2 full=0.0968 tail=0.0288 (0.5m)
[15:25:54] [interview] recvae_likes   popularity     k= 4 answered= 1.7/4 full=0.1233 tail=0.0382 (0.5m)
[15:26:35] [interview] recvae_likes   popularity     k= 8 answered= 3.1/8 full=0.1760 tail=0.0534 (0.7m)
[15:27:12] [interview] recvae_likes   popularity     k=16 answered= 5.4/16 full=0.2157 tail=0.0650 (0.6m)
[15:27:39] [interview] recvae_likes   pure_entropy   k= 1 answered= 0.0/1 full=0.0003 tail=0.0002 (0.5m)
[15:28:08] [interview] recvae_likes   pure_entropy   k= 2 answered= 0.0/2 full=0.0004 tail=0.0003 (0.5m)
[15:28:35] [interview] recvae_likes   pure_entropy   k= 4 answered= 0.0/4 full=0.0006 tail=0.0003 (0.5m)
[15:29:11] [interview] recvae_likes   pure_entropy   k= 8 answered= 0.0/8 full=0.0013 tail=0.0011 (0.6m)
[15:29:35] [interview] recvae_likes   pure_entropy   k=16 answered= 0.1/16 full=0.0028 tail=0.0024 (0.4m)
[15:30:01] [interview] recvae_likes   random_bank    k= 1 answered= 0.0/1 full=0.0008 tail=0.0004 (0.4m)
[15:30:25] [interview] recvae_likes   random_bank    k= 2 answered= 0.0/2 full=0.0019 tail=0.0009 (0.4m)
[15:30:51] [interview] recvae_likes   random_bank    k= 4 answered= 0.0/4 full=0.0034 tail=0.0019 (0.4m)
[15:31:16] [interview] recvae_likes   random_bank    k= 8 answered= 0.1/8 full=0.0068 tail=0.0040 (0.4m)
[15:31:42] [interview] recvae_likes   random_bank    k=16 answered= 0.1/16 full=0.0129 tail=0.0074 (0.4m)
[15:32:07] [interview] recvae_likes   random_catalog k= 1 answered= 0.0/1 full=0.0009 tail=0.0004 (0.4m)
[15:32:32] [interview] recvae_likes   random_catalog k= 2 answered= 0.0/2 full=0.0018 tail=0.0012 (0.4m)
[15:32:57] [interview] recvae_likes   random_catalog k= 4 answered= 0.0/4 full=0.0037 tail=0.0018 (0.4m)
[15:33:23] [interview] recvae_likes   random_catalog k= 8 answered= 0.1/8 full=0.0063 tail=0.0032 (0.4m)
[15:33:51] [interview] recvae_likes   random_catalog k=16 answered= 0.1/16 full=0.0111 tail=0.0054 (0.5m)
[15:34:22] [interview] golbandi_leaf  helf           k= 1 answered= 0.2/1 full=0.1665 tail=0.0402 (0.5m)
[15:34:50] [interview] golbandi_leaf  helf           k= 2 answered= 0.5/2 full=0.1739 tail=0.0473 (0.5m)
[15:35:19] [interview] golbandi_leaf  helf           k= 4 answered= 0.8/4 full=0.1890 tail=0.0713 (0.5m)
[15:35:52] [interview] golbandi_leaf  helf           k= 8 answered= 1.6/8 full=0.1948 tail=0.0792 (0.5m)
[15:35:52] [interview] SKIP golbandi_leaf k=16 > 8: 3^k answer patterns fragment the leaves to nothing and the shrunk mean returns the global mean -- that is Most-Popular in disguise, not the method.
[15:36:20] [interview] golbandi_leaf  entropy0       k= 1 answered= 0.4/1 full=0.1579 tail=0.0347 (0.5m)
[15:36:48] [interview] golbandi_leaf  entropy0       k= 2 answered= 0.9/2 full=0.1563 tail=0.0414 (0.5m)
[15:37:19] [interview] golbandi_leaf  entropy0       k= 4 answered= 1.6/4 full=0.1680 tail=0.0670 (0.5m)
[15:37:52] [interview] golbandi_leaf  entropy0       k= 8 answered= 3.1/8 full=0.1686 tail=0.0677 (0.6m)
[15:37:52] [interview] SKIP golbandi_leaf k=16 > 8: 3^k answer patterns fragment the leaves to nothing and the shrunk mean returns the global mean -- that is Most-Popular in disguise, not the method.
[15:38:21] [interview] golbandi_leaf  popularity     k= 1 answered= 0.4/1 full=0.1531 tail=0.0331 (0.5m)
[15:38:50] [interview] golbandi_leaf  popularity     k= 2 answered= 0.8/2 full=0.1534 tail=0.0425 (0.5m)
[15:39:18] [interview] golbandi_leaf  popularity     k= 4 answered= 1.7/4 full=0.1445 tail=0.0501 (0.5m)
[15:39:51] [interview] golbandi_leaf  popularity     k= 8 answered= 3.1/8 full=0.1716 tail=0.0696 (0.5m)
[15:39:51] [interview] SKIP golbandi_leaf k=16 > 8: 3^k answer patterns fragment the leaves to nothing and the shrunk mean returns the global mean -- that is Most-Popular in disguise, not the method.
[15:40:20] [interview] golbandi_leaf  pure_entropy   k= 1 answered= 0.0/1 full=0.1635 tail=0.0285 (0.5m)
[15:40:50] [interview] golbandi_leaf  pure_entropy   k= 2 answered= 0.0/2 full=0.1635 tail=0.0288 (0.5m)
[15:41:20] [interview] golbandi_leaf  pure_entropy   k= 4 answered= 0.0/4 full=0.1639 tail=0.0289 (0.5m)
[15:41:50] [interview] golbandi_leaf  pure_entropy   k= 8 answered= 0.0/8 full=0.1650 tail=0.0324 (0.5m)
[15:41:50] [interview] SKIP golbandi_leaf k=16 > 8: 3^k answer patterns fragment the leaves to nothing and the shrunk mean returns the global mean -- that is Most-Popular in disguise, not the method.
[15:43:14] [interview] golbandi_leaf  random_bank    k= 1 answered= 0.0/1 full=0.1629 tail=0.0273 (1.4m)
[15:44:56] [interview] golbandi_leaf  random_bank    k= 2 answered= 0.0/2 full=0.1632 tail=0.0291 (1.7m)
[15:46:12] [interview] golbandi_leaf  random_bank    k= 4 answered= 0.0/4 full=0.1642 tail=0.0312 (1.3m)
[15:48:09] [interview] golbandi_leaf  random_bank    k= 8 answered= 0.1/8 full=0.1658 tail=0.0353 (1.9m)
[15:48:09] [interview] SKIP golbandi_leaf k=16 > 8: 3^k answer patterns fragment the leaves to nothing and the shrunk mean returns the global mean -- that is Most-Popular in disguise, not the method.
[15:48:52] [interview] golbandi_leaf  random_catalog k= 1 answered= 0.0/1 full=0.1634 tail=0.0271 (0.7m)
[15:49:45] [interview] golbandi_leaf  random_catalog k= 2 answered= 0.0/2 full=0.1635 tail=0.0286 (0.9m)
[15:50:59] [interview] golbandi_leaf  random_catalog k= 4 answered= 0.0/4 full=0.1643 tail=0.0312 (1.2m)
[15:52:47] [interview] golbandi_leaf  random_catalog k= 8 answered= 0.1/8 full=0.1664 tail=0.0351 (1.8m)
[15:52:47] [interview] SKIP golbandi_leaf k=16 > 8: 3^k answer patterns fragment the leaves to nothing and the shrunk mean returns the global mean -- that is Most-Popular in disguise, not the method.
[15:53:02] [interview] rbmf           helf           k= 1 answered= 0.2/1 full=0.0147 tail=0.0068 (0.3m)
[15:53:24] [interview] rbmf           helf           k= 2 answered= 0.5/2 full=0.0308 tail=0.0185 (0.4m)
[15:53:51] [interview] rbmf           helf           k= 4 answered= 0.8/4 full=0.0446 tail=0.0285 (0.5m)
[15:54:22] [interview] rbmf           helf           k= 8 answered= 1.6/8 full=0.0735 tail=0.0391 (0.5m)
[15:54:57] [interview] rbmf           helf           k=16 answered= 3.3/16 full=0.1302 tail=0.0461 (0.6m)
[15:55:22] [interview] rbmf           entropy0       k= 1 answered= 0.4/1 full=0.0823 tail=0.0140 (0.4m)
[15:55:54] [interview] rbmf           entropy0       k= 2 answered= 0.9/2 full=0.1170 tail=0.0229 (0.5m)
[15:56:30] [interview] rbmf           entropy0       k= 4 answered= 1.6/4 full=0.1425 tail=0.0273 (0.6m)
[15:57:05] [interview] rbmf           entropy0       k= 8 answered= 3.1/8 full=0.1650 tail=0.0379 (0.6m)
[15:57:48] [interview] rbmf           entropy0       k=16 answered= 5.5/16 full=0.1948 tail=0.0449 (0.7m)
[15:58:15] [interview] rbmf           popularity     k= 1 answered= 0.4/1 full=0.0799 tail=0.0146 (0.5m)
[15:58:43] [interview] rbmf           popularity     k= 2 answered= 0.8/2 full=0.1141 tail=0.0229 (0.5m)
[15:59:16] [interview] rbmf           popularity     k= 4 answered= 1.7/4 full=0.1390 tail=0.0264 (0.6m)
[15:59:53] [interview] rbmf           popularity     k= 8 answered= 3.1/8 full=0.1641 tail=0.0344 (0.6m)
[16:00:29] [interview] rbmf           popularity     k=16 answered= 5.4/16 full=0.1918 tail=0.0413 (0.6m)
[16:00:38] [interview] rbmf           pure_entropy   k= 1 answered= 0.0/1 full=0.0003 tail=0.0003 (0.1m)
[16:00:47] [interview] rbmf           pure_entropy   k= 2 answered= 0.0/2 full=0.0003 tail=0.0003 (0.2m)
[16:00:57] [interview] rbmf           pure_entropy   k= 4 answered= 0.0/4 full=0.0004 tail=0.0004 (0.2m)
[16:01:06] [interview] rbmf           pure_entropy   k= 8 answered= 0.0/8 full=0.0011 tail=0.0013 (0.2m)
[16:01:17] [interview] rbmf           pure_entropy   k=16 answered= 0.1/16 full=0.0027 tail=0.0029 (0.2m)
[16:01:26] [interview] rbmf           random_bank    k= 1 answered= 0.0/1 full=0.0009 tail=0.0007 (0.2m)
[16:01:36] [interview] rbmf           random_bank    k= 2 answered= 0.0/2 full=0.0016 tail=0.0013 (0.2m)
[16:01:47] [interview] rbmf           random_bank    k= 4 answered= 0.0/4 full=0.0033 tail=0.0026 (0.2m)
[16:01:59] [interview] rbmf           random_bank    k= 8 answered= 0.1/8 full=0.0057 tail=0.0044 (0.2m)
[16:02:13] [interview] rbmf           random_bank    k=16 answered= 0.1/16 full=0.0100 tail=0.0079 (0.2m)
[16:02:25] [interview] rbmf           random_catalog k= 1 answered= 0.0/1 full=0.0007 tail=0.0006 (0.2m)
[16:02:36] [interview] rbmf           random_catalog k= 2 answered= 0.0/2 full=0.0015 tail=0.0011 (0.2m)
[16:02:48] [interview] rbmf           random_catalog k= 4 answered= 0.0/4 full=0.0029 tail=0.0021 (0.2m)
[16:03:00] [interview] rbmf           random_catalog k= 8 answered= 0.1/8 full=0.0050 tail=0.0038 (0.2m)
[16:03:16] [interview] rbmf           random_catalog k=16 answered= 0.1/16 full=0.0096 tail=0.0072 (0.3m)
[16:04:07] [interview] belief_mf      helf           k= 1 answered= 0.2/1 full=0.1599 tail=0.0267 (0.8m)
[16:04:48] [interview] belief_mf      helf           k= 2 answered= 0.5/2 full=0.1603 tail=0.0276 (0.7m)
