[20:39:35] [arm_n] graded matrices from cache: train nnz=21682110 test nnz=1411761
[20:39:35] [arm_n] pool nnz=1411761 (te_tr 625946, graded 1411761); te_tr items absent from the graded rebuild: 0
[20:39:35] [arm_n] ruler: 18359 items, 10000 test users, head=190; pool excludes 141.2 items/user vs 62.6 in arm A; target leak 0
[20:39:35] [strategies] orders built over 18359 items; top-5 popularity=[5, 121, 8, 123, 59] helf=[551, 463, 154, 339, 77]
[20:39:36] [interview] 1 recommenders x 3 strategies x 5 budgets
[20:39:36] [teacher] RecVAE loaded from state.best_state: ep25 best_val=0.3512 (hidden=600 latent=200) -- FROZEN
[20:39:36] [model] i26: decoder FROZEN RecVAE W+b; exposure branch + delta_b ZERO-INIT (bit-identical to i25 at step 0)
[20:39:36] [model] i26 LR groups: NEW 234,897 params @ lr=0.0003; WARM 838,250 params @ lr=2.9999999999999997e-05 (warm_lr_scale=0.1)
[20:39:36] [model] arch=i26 TRAINABLE=1,073,147 (exposure branch 234,697; NO per-item bias -- the prior is learned from the k=0 curriculum bucket)
[20:39:36] [model] SIGN INIT v2 applied: gamma(level)=[-1.0, -1.0, -1.0, -0.75, -0.5, 0.25, 0.25, 1.0, 1.0, 1.0] (likes full +1, neutral +0.25, dislikes graded negative); beta=0
[20:39:36] [interview] ours = i26 from t2i26_best.pt (ep=18 val_full=0.3372787089285702)
[20:39:36] [pop] fitted item popularity over 140768 train users, 18359 items
[20:39:49] [interview] mostpop PRIOR (constant, answer-independent): full=0.1626 tail=0.0262
[20:40:05] [interview] ours           helf           k= 1 answered= 0.2/1 floored=    0 full=0.1621 tail=0.0328 (0.3m)
[20:40:20] [interview] ours           helf           k= 2 answered= 0.5/2 floored=    0 full=0.1657 tail=0.0431 (0.3m)
[20:40:36] [interview] ours           helf           k= 4 answered= 0.8/4 floored=    0 full=0.1776 tail=0.0569 (0.3m)
[20:40:52] [interview] ours           helf           k= 8 answered= 1.6/8 floored=    0 full=0.1872 tail=0.0674 (0.3m)
[20:41:10] [interview] ours           helf           k=16 answered= 3.3/16 floored=    0 full=0.2157 tail=0.0860 (0.3m)
[20:41:25] [interview] ours           entropy0       k= 1 answered= 0.4/1 floored=    0 full=0.1645 tail=0.0445 (0.3m)
[20:41:41] [interview] ours           entropy0       k= 2 answered= 0.9/2 floored=    0 full=0.1705 tail=0.0522 (0.3m)
[20:41:58] [interview] ours           entropy0       k= 4 answered= 1.6/4 floored=    0 full=0.1818 tail=0.0627 (0.3m)
[20:42:15] [interview] ours           entropy0       k= 8 answered= 3.1/8 floored=    0 full=0.2019 tail=0.0770 (0.3m)
[20:42:32] [interview] ours           entropy0       k=16 answered= 5.5/16 floored=    0 full=0.2270 tail=0.0892 (0.3m)
[20:42:47] [interview] ours           popularity     k= 1 answered= 0.4/1 floored=    0 full=0.1608 tail=0.0394 (0.3m)
[20:43:03] [interview] ours           popularity     k= 2 answered= 0.8/2 floored=    0 full=0.1643 tail=0.0476 (0.3m)
[20:43:19] [interview] ours           popularity     k= 4 answered= 1.7/4 floored=    0 full=0.1725 tail=0.0569 (0.3m)
[20:43:36] [interview] ours           popularity     k= 8 answered= 3.1/8 floored=    0 full=0.1897 tail=0.0673 (0.3m)
[20:43:53] [interview] ours           popularity     k=16 answered= 5.4/16 floored=    0 full=0.2219 tail=0.0828 (0.3m)
[20:43:53] [interview] done -> C:\dev\phd\casper\experiments\baselines\interview\interview_table_i26_ep18_NOFLOOR.json
