[14:10:53] [arm_n] graded matrices from cache: train nnz=21682110 test nnz=1411761
[14:10:53] [arm_n] pool nnz=1411761 (te_tr 625946, graded 1411761); te_tr items absent from the graded rebuild: 0
[14:10:53] [arm_n] ruler: 18359 items, 10000 test users, head=190; pool excludes 141.2 items/user vs 62.6 in arm A; target leak 0
[14:10:55] [strategies] orders built over 18359 items; top-5 popularity=[5, 121, 8, 123, 59] helf=[551, 463, 154, 339, 77]
[14:10:56] [interview] 1 recommenders x 3 strategies x 5 budgets
[14:10:57] [teacher] RecVAE loaded from state.best_state: ep25 best_val=0.3512 (hidden=600 latent=200) -- FROZEN
[14:11:00] [model] i26: decoder FROZEN RecVAE W+b; exposure branch + delta_b ZERO-INIT (bit-identical to i25 at step 0)
[14:11:00] [model] i26 LR groups: NEW 234,897 params @ lr=0.0003; WARM 838,250 params @ lr=2.9999999999999997e-05 (warm_lr_scale=0.1)
[14:11:00] [model] arch=i26 TRAINABLE=1,073,147 (exposure branch 234,697; NO per-item bias -- the prior is learned from the k=0 curriculum bucket)
[14:11:00] [model] SIGN INIT v2 applied: gamma(level)=[-1.0, -1.0, -1.0, -0.75, -0.5, 0.25, 0.25, 1.0, 1.0, 1.0] (likes full +1, neutral +0.25, dislikes graded negative); beta=0
[14:11:00] [interview] ours = i26 from t2i26_ep03.pt (ep=3 val_full=0.3228506632707409)
[14:11:00] [pop] fitted item popularity over 140768 train users, 18359 items
[14:11:23] [interview] mostpop PRIOR (constant, answer-independent): full=0.1626 tail=0.0262
[14:11:46] [interview] ours           helf           k= 1 answered= 0.2/1 floored= 7843 full=0.1626 tail=0.0304 (0.4m)
[14:12:06] [interview] ours           helf           k= 2 answered= 0.5/2 floored= 6107 full=0.1625 tail=0.0414 (0.3m)
[14:12:25] [interview] ours           helf           k= 4 answered= 0.8/4 floored= 5041 full=0.1767 tail=0.0546 (0.3m)
[14:12:45] [interview] ours           helf           k= 8 answered= 1.6/8 floored= 3737 full=0.1849 tail=0.0643 (0.3m)
[14:13:18] [interview] ours           helf           k=16 answered= 3.3/16 floored= 2111 full=0.2080 tail=0.0804 (0.5m)
[14:13:47] [interview] ours           entropy0       k= 1 answered= 0.4/1 floored= 5633 full=0.1648 tail=0.0413 (0.5m)
[14:14:18] [interview] ours           entropy0       k= 2 answered= 0.9/2 floored= 3933 full=0.1679 tail=0.0483 (0.5m)
[14:14:50] [interview] ours           entropy0       k= 4 answered= 1.6/4 floored= 2531 full=0.1783 tail=0.0558 (0.5m)
[14:15:23] [interview] ours           entropy0       k= 8 answered= 3.1/8 floored= 1463 full=0.1986 tail=0.0714 (0.5m)
[14:16:00] [interview] ours           entropy0       k=16 answered= 5.5/16 floored=  780 full=0.2215 tail=0.0839 (0.6m)
[14:16:30] [interview] ours           popularity     k= 1 answered= 0.4/1 floored= 5803 full=0.1606 tail=0.0354 (0.5m)
[14:17:03] [interview] ours           popularity     k= 2 answered= 0.8/2 floored= 4054 full=0.1604 tail=0.0429 (0.5m)
[14:17:35] [interview] ours           popularity     k= 4 answered= 1.7/4 floored= 2634 full=0.1674 tail=0.0508 (0.5m)
[14:18:12] [interview] ours           popularity     k= 8 answered= 3.1/8 floored= 1425 full=0.1840 tail=0.0607 (0.6m)
[14:18:47] [interview] ours           popularity     k=16 answered= 5.4/16 floored=  894 full=0.2084 tail=0.0730 (0.6m)
[14:18:47] [interview] done -> C:\dev\phd\casper\experiments\baselines\interview\interview_table_ep03.json
