COMBINED recon + 0.3*softNDCG, warm from u*-actor, frozen V1 graded. vs baseline 0.346/0.149 (binary VAL)
  761 concepts (18s)
NO BC pretraining -- pure RL from random init (testing BC-trap hypothesis)
INIT warm-start from policy_phase2_cont_v1_best.pt (keep training)
train scorer policy (pool=1361, TAU=0.3) -- finetune from conc_pop floor...
  ep1 return=0.0978 | VAL NDCG@10 full 0.348 tail 0.145  <- BEST (tail) saved  [PEAK tail 0.145 @ep1, 0 since]
  ep2 return=0.1055 | VAL NDCG@10 full 0.345 tail 0.142  [PEAK tail 0.145 @ep1, 1 since]
  ep3 return=0.1076 | VAL NDCG@10 full 0.345 tail 0.144  [PEAK tail 0.145 @ep1, 2 since]
  ep4 return=0.1093 | VAL NDCG@10 full 0.344 tail 0.141  [PEAK tail 0.145 @ep1, 3 since]
  ep5 return=0.1106 | VAL NDCG@10 full 0.342 tail 0.140  [PEAK tail 0.145 @ep1, 4 since]
  ep6 return=0.1121 | VAL NDCG@10 full 0.343 tail 0.144  [PEAK tail 0.145 @ep1, 5 since]
  ep7 return=0.1122 | VAL NDCG@10 full 0.338 tail 0.140  [PEAK tail 0.145 @ep1, 6 since]
  ep8 return=0.1131 | VAL NDCG@10 full 0.337 tail 0.138  [PEAK tail 0.145 @ep1, 7 since]
  ep9 return=0.1146 | VAL NDCG@10 full 0.333 tail 0.133  [PEAK tail 0.145 @ep1, 8 since]
  ep10 return=0.1144 | VAL NDCG@10 full 0.331 tail 0.131  [PEAK tail 0.145 @ep1, 9 since]
  ep11 return=0.1182 | VAL NDCG@10 full 0.335 tail 0.133  [PEAK tail 0.145 @ep1, 10 since]
  ep12 return=0.1199 | VAL NDCG@10 full 0.338 tail 0.136  [PEAK tail 0.145 @ep1, 11 since]
  ep13 return=0.1184 | VAL NDCG@10 full 0.338 tail 0.136  [PEAK tail 0.145 @ep1, 12 since]
  ep14 return=0.1236 | VAL NDCG@10 full 0.340 tail 0.136  [PEAK tail 0.145 @ep1, 13 since]
saved C:/dev/phd/casper/data/movielens/.cache/policy_phase3_combo.pt (last) ; BEST tail 0.145 @ep1 -> C:/dev/phd/casper/data/movielens/.cache/policy_phase3_combo_best.pt
TEST set: TESTRANGE=300:99999 -> 304 users

=== FULL (MAIN) | popularity-aware scorer | NDCG@10 / Rec@50 / ans ===
  pop_item : NDCG 0.312 0.304 0.326 0.332 | Rec 0.242 0.225 0.230 0.234 | MRR 0.503 0.506 0.540 0.558 | ans/8=1.9 | cos(u,u*) 0.000 0.234 0.347 0.458
  conc_pop : NDCG 0.312 0.321 0.330 0.343 | Rec 0.242 0.249 0.250 0.255 | MRR 0.503 0.492 0.521 0.533 | ans/8=8.0 | cos(u,u*) 0.000 0.757 0.795 0.811
  policy   : NDCG 0.312 0.295 0.302 0.305 | Rec 0.242 0.236 0.235 0.236 | MRR 0.503 0.489 0.502 0.494 | ans/8=0.7 | picks 204i/14c | distinct-1st 1/304 | cos(u,u*) 0.000 0.052 0.146 0.224
     ADAPT: distinct-pick/turn [1, 4, 9, 16, 18, 22, 27, 29] | top-pick-share/turn [1.0, 0.93, 0.88, 0.85, 0.73, 0.7, 0.66, 0.65] | distinct-traj 62/304 | total-vocab 52
  GATE: policy must beat conc_pop @q8 (full+tail)

=== TAIL | popularity-aware scorer | NDCG@10 / Rec@50 / ans ===
  pop_item : NDCG 0.083 0.094 0.108 0.100 | Rec 0.122 0.121 0.128 0.126 | MRR 0.192 0.205 0.229 0.210 | ans/8=1.9 | cos(u,u*) 0.000 0.235 0.348 0.458
  conc_pop : NDCG 0.083 0.130 0.131 0.128 | Rec 0.122 0.151 0.154 0.161 | MRR 0.192 0.277 0.263 0.266 | ans/8=8.0 | cos(u,u*) 0.000 0.757 0.795 0.811
  policy   : NDCG 0.083 0.083 0.093 0.096 | Rec 0.122 0.120 0.120 0.124 | MRR 0.192 0.187 0.206 0.210 | ans/8=0.7 | picks 204i/14c | distinct-1st 1/302 | cos(u,u*) 0.000 0.053 0.147 0.225
     ADAPT: distinct-pick/turn [1, 4, 9, 16, 18, 22, 27, 29] | top-pick-share/turn [1.0, 0.93, 0.88, 0.85, 0.73, 0.7, 0.66, 0.65] | distinct-traj 62/302 | total-vocab 52
  GATE: policy must beat conc_pop @q8 (full+tail)
