Phase 2 on INFO encoder. vs frozen-V1 0.346/0.149, rand-enc 0.330/0.146, entropy 0.362/0.139, CASPER-R 0.360/0.152, oracle 0.391
  761 concepts (18s)
LOADREC: using simple +Ec recommender enc_concept_cont_info.pt
NO BC pretraining -- pure RL from random init (testing BC-trap hypothesis)
train scorer policy (pool=1361, TAU=0.3) -- finetune from conc_pop floor...
  ep1 return=-0.1889 | VAL NDCG@10 full 0.331 tail 0.120  <- BEST (tail) saved  [PEAK tail 0.120 @ep1, 0 since]
  ep2 return=-0.1356 | VAL NDCG@10 full 0.327 tail 0.115  [PEAK tail 0.120 @ep1, 1 since]
  ep3 return=-0.1256 | VAL NDCG@10 full 0.329 tail 0.115  [PEAK tail 0.120 @ep1, 2 since]
  ep4 return=-0.1170 | VAL NDCG@10 full 0.327 tail 0.116  [PEAK tail 0.120 @ep1, 3 since]
  ep5 return=-0.1146 | VAL NDCG@10 full 0.332 tail 0.121  <- BEST (tail) saved  [PEAK tail 0.121 @ep5, 0 since]
  ep6 return=-0.1055 | VAL NDCG@10 full 0.335 tail 0.128  <- BEST (tail) saved  [PEAK tail 0.128 @ep6, 0 since]
  ep7 return=-0.0863 | VAL NDCG@10 full 0.340 tail 0.141  <- BEST (tail) saved  [PEAK tail 0.141 @ep7, 0 since]
  ep8 return=-0.0731 | VAL NDCG@10 full 0.337 tail 0.139  [PEAK tail 0.141 @ep7, 1 since]
  ep9 return=-0.0674 | VAL NDCG@10 full 0.340 tail 0.142  <- BEST (tail) saved  [PEAK tail 0.142 @ep9, 0 since]
  ep10 return=-0.0656 | VAL NDCG@10 full 0.342 tail 0.147  <- BEST (tail) saved  [PEAK tail 0.147 @ep10, 0 since]
  ep11 return=-0.0638 | VAL NDCG@10 full 0.340 tail 0.145  [PEAK tail 0.147 @ep10, 1 since]
  ep12 return=-0.0634 | VAL NDCG@10 full 0.346 tail 0.144  [PEAK tail 0.147 @ep10, 2 since]
  ep13 return=-0.0631 | VAL NDCG@10 full 0.342 tail 0.143  [PEAK tail 0.147 @ep10, 3 since]
  ep14 return=-0.0620 | VAL NDCG@10 full 0.340 tail 0.141  [PEAK tail 0.147 @ep10, 4 since]
  ep15 return=-0.0600 | VAL NDCG@10 full 0.344 tail 0.144  [PEAK tail 0.147 @ep10, 5 since]
  ep16 return=-0.0600 | VAL NDCG@10 full 0.342 tail 0.146  [PEAK tail 0.147 @ep10, 6 since]
saved C:/dev/phd/casper/data/movielens/.cache/policy_phase2_info_enc.pt (last) ; BEST tail 0.147 @ep10 -> C:/dev/phd/casper/data/movielens/.cache/policy_phase2_info_enc_best.pt
TEST set: TESTRANGE=300:99999 -> 304 users

=== FULL (MAIN) | popularity-aware scorer | NDCG@10 / Rec@50 / ans ===
  pop_item : NDCG 0.312 0.310 0.327 0.334 | Rec 0.242 0.227 0.232 0.237 | MRR 0.503 0.513 0.541 0.552 | ans/8=1.9 | cos(u,u*) 0.000 0.237 0.360 0.480
  conc_pop : NDCG 0.312 0.332 0.337 0.339 | Rec 0.242 0.240 0.242 0.247 | MRR 0.503 0.521 0.529 0.537 | ans/8=8.0 | cos(u,u*) 0.000 0.716 0.749 0.770
  policy   : NDCG 0.312 0.301 0.308 0.314 | Rec 0.242 0.238 0.236 0.238 | MRR 0.503 0.499 0.510 0.507 | ans/8=0.7 | picks 199i/11c | distinct-1st 1/304 | cos(u,u*) 0.000 0.056 0.151 0.223
     ADAPT: distinct-pick/turn [1, 4, 8, 12, 17, 20, 28, 26] | top-pick-share/turn [1.0, 0.93, 0.88, 0.85, 0.73, 0.7, 0.66, 0.65] | distinct-traj 60/304 | total-vocab 51
  GATE: policy must beat conc_pop @q8 (full+tail)

=== TAIL | popularity-aware scorer | NDCG@10 / Rec@50 / ans ===
  pop_item : NDCG 0.083 0.095 0.104 0.101 | Rec 0.122 0.122 0.127 0.126 | MRR 0.192 0.205 0.224 0.224 | ans/8=1.9 | cos(u,u*) 0.000 0.239 0.361 0.480
  conc_pop : NDCG 0.083 0.131 0.137 0.133 | Rec 0.122 0.149 0.152 0.154 | MRR 0.192 0.261 0.263 0.268 | ans/8=8.0 | cos(u,u*) 0.000 0.716 0.750 0.771
  policy   : NDCG 0.083 0.086 0.091 0.100 | Rec 0.122 0.121 0.123 0.122 | MRR 0.192 0.200 0.206 0.217 | ans/8=0.7 | picks 199i/11c | distinct-1st 1/302 | cos(u,u*) 0.000 0.057 0.152 0.224
     ADAPT: distinct-pick/turn [1, 4, 8, 12, 17, 20, 28, 26] | top-pick-share/turn [1.0, 0.93, 0.88, 0.85, 0.73, 0.7, 0.66, 0.65] | distinct-traj 60/302 | total-vocab 51
  GATE: policy must beat conc_pop @q8 (full+tail)
