VARIANT 1 (COENC): co-train encoder+actor from info-enc, anchor=1.0. vs frozen-V1 0.346/0.149, info-enc 0.346/0.147, entropy 0.362/0.139, CASPER-R 0.360/0.152, oracle 0.391
  761 concepts (17s)
LOADREC: using simple +Ec recommender enc_concept_cont_info.pt
COENC: co-training encoder+actor | anchor weight 1.0
NO BC pretraining -- pure RL from random init (testing BC-trap hypothesis)
train scorer policy (pool=1361, TAU=0.3) -- finetune from conc_pop floor...
  ep1 return=-0.1545 | VAL NDCG@10 full 0.325 tail 0.122  <- BEST (tail) saved  [PEAK tail 0.122 @ep1, 0 since]
  ep2 return=-0.0991 | VAL NDCG@10 full 0.315 tail 0.116  [PEAK tail 0.122 @ep1, 1 since]
  ep3 return=-0.0755 | VAL NDCG@10 full 0.324 tail 0.119  [PEAK tail 0.122 @ep1, 2 since]
  ep4 return=-0.0679 | VAL NDCG@10 full 0.320 tail 0.114  [PEAK tail 0.122 @ep1, 3 since]
  ep5 return=-0.0653 | VAL NDCG@10 full 0.316 tail 0.110  [PEAK tail 0.122 @ep1, 4 since]
  ep6 return=-0.0548 | VAL NDCG@10 full 0.311 tail 0.106  [PEAK tail 0.122 @ep1, 5 since]
  ep7 return=-0.0431 | VAL NDCG@10 full 0.299 tail 0.105  [PEAK tail 0.122 @ep1, 6 since]
  ep8 return=-0.0377 | VAL NDCG@10 full 0.295 tail 0.105  [PEAK tail 0.122 @ep1, 7 since]
  ep9 return=-0.0335 | VAL NDCG@10 full 0.287 tail 0.096  [PEAK tail 0.122 @ep1, 8 since]
  ep10 return=-0.0284 | VAL NDCG@10 full 0.288 tail 0.098  [PEAK tail 0.122 @ep1, 9 since]
  ep11 return=-0.0242 | VAL NDCG@10 full 0.282 tail 0.092  [PEAK tail 0.122 @ep1, 10 since]
  ep12 return=-0.0211 | VAL NDCG@10 full 0.286 tail 0.094  [PEAK tail 0.122 @ep1, 11 since]
  ep13 return=-0.0194 | VAL NDCG@10 full 0.279 tail 0.087  [PEAK tail 0.122 @ep1, 12 since]
  ep14 return=-0.0187 | VAL NDCG@10 full 0.282 tail 0.087  [PEAK tail 0.122 @ep1, 13 since]
  ep15 return=-0.0171 | VAL NDCG@10 full 0.280 tail 0.086  [PEAK tail 0.122 @ep1, 14 since]
  ep16 return=-0.0167 | VAL NDCG@10 full 0.280 tail 0.085  [PEAK tail 0.122 @ep1, 15 since]
saved C:/dev/phd/casper/data/movielens/.cache/policy_phase1_coenc.pt (last) ; BEST tail 0.122 @ep1 -> C:/dev/phd/casper/data/movielens/.cache/policy_phase1_coenc_best.pt
TEST set: TESTRANGE=300:99999 -> 304 users

=== FULL (MAIN) | popularity-aware scorer | NDCG@10 / Rec@50 / ans ===
  pop_item : NDCG 0.312 0.302 0.322 0.332 | Rec 0.242 0.225 0.230 0.236 | MRR 0.503 0.505 0.538 0.555 | ans/8=1.9 | cos(u,u*) 0.000 0.243 0.367 0.486
  conc_pop : NDCG 0.312 0.322 0.327 0.339 | Rec 0.242 0.227 0.236 0.245 | MRR 0.503 0.516 0.522 0.542 | ans/8=8.0 | cos(u,u*) 0.000 0.688 0.714 0.745
  policy   : NDCG 0.312 0.295 0.306 0.305 | Rec 0.242 0.236 0.234 0.237 | MRR 0.503 0.487 0.511 0.490 | ans/8=0.7 | picks 202i/20c | distinct-1st 1/304 | cos(u,u*) 0.000 0.051 0.151 0.225
     ADAPT: distinct-pick/turn [1, 4, 8, 13, 15, 22, 25, 26] | top-pick-share/turn [1.0, 0.93, 0.88, 0.85, 0.73, 0.7, 0.66, 0.65] | distinct-traj 61/304 | total-vocab 55
  GATE: policy must beat conc_pop @q8 (full+tail)

=== TAIL | popularity-aware scorer | NDCG@10 / Rec@50 / ans ===
  pop_item : NDCG 0.083 0.095 0.105 0.103 | Rec 0.122 0.120 0.125 0.127 | MRR 0.192 0.206 0.223 0.223 | ans/8=1.9 | cos(u,u*) 0.000 0.245 0.367 0.486
  conc_pop : NDCG 0.083 0.132 0.138 0.134 | Rec 0.122 0.150 0.155 0.152 | MRR 0.192 0.265 0.270 0.263 | ans/8=8.0 | cos(u,u*) 0.000 0.688 0.715 0.746
  policy   : NDCG 0.083 0.086 0.092 0.098 | Rec 0.122 0.120 0.123 0.121 | MRR 0.192 0.197 0.207 0.217 | ans/8=0.7 | picks 202i/20c | distinct-1st 1/302 | cos(u,u*) 0.000 0.051 0.152 0.226
     ADAPT: distinct-pick/turn [1, 4, 8, 13, 15, 22, 25, 26] | top-pick-share/turn [1.0, 0.93, 0.88, 0.85, 0.73, 0.7, 0.66, 0.65] | distinct-traj 61/302 | total-vocab 55
  GATE: policy must beat conc_pop @q8 (full+tail)
