Phase 2 ON CONT ENCODER: LOADREC=enc_concept_cont, CONTMODE=cont OBJ=ustar GRADED. vs Phase2-frozenV1 0.356/0.146, entropy 0.362/0.139, CASPER-R 0.360/0.152, cont-oracle 0.391
  761 concepts (18s)
LOADREC: using simple +Ec recommender enc_concept_cont.pt
NO BC pretraining -- pure RL from random init (testing BC-trap hypothesis)
train scorer policy (pool=1361, TAU=0.3) -- finetune from conc_pop floor...
  ep1 return=-0.2050 | VAL NDCG@10 full 0.327 tail 0.105  <- BEST (tail) saved  [PEAK tail 0.105 @ep1, 0 since]
  ep2 return=-0.1444 | VAL NDCG@10 full 0.321 tail 0.104  [PEAK tail 0.105 @ep1, 1 since]
  ep3 return=-0.1325 | VAL NDCG@10 full 0.322 tail 0.104  [PEAK tail 0.105 @ep1, 2 since]
  ep4 return=-0.1235 | VAL NDCG@10 full 0.327 tail 0.108  <- BEST (tail) saved  [PEAK tail 0.108 @ep4, 0 since]
  ep5 return=-0.1138 | VAL NDCG@10 full 0.329 tail 0.116  <- BEST (tail) saved  [PEAK tail 0.116 @ep5, 0 since]
  ep6 return=-0.1029 | VAL NDCG@10 full 0.328 tail 0.118  <- BEST (tail) saved  [PEAK tail 0.118 @ep6, 0 since]
  ep7 return=-0.0879 | VAL NDCG@10 full 0.326 tail 0.111  [PEAK tail 0.118 @ep6, 1 since]
  ep8 return=-0.0764 | VAL NDCG@10 full 0.329 tail 0.126  <- BEST (tail) saved  [PEAK tail 0.126 @ep8, 0 since]
  ep9 return=-0.0717 | VAL NDCG@10 full 0.325 tail 0.134  <- BEST (tail) saved  [PEAK tail 0.134 @ep9, 0 since]
  ep10 return=-0.0700 | VAL NDCG@10 full 0.331 tail 0.139  <- BEST (tail) saved  [PEAK tail 0.139 @ep10, 0 since]
  ep11 return=-0.0659 | VAL NDCG@10 full 0.328 tail 0.138  [PEAK tail 0.139 @ep10, 1 since]
  ep12 return=-0.0640 | VAL NDCG@10 full 0.330 tail 0.146  <- BEST (tail) saved  [PEAK tail 0.146 @ep12, 0 since]
saved C:/dev/phd/casper/data/movielens/.cache/policy_phase2_cont_enc.pt (last) ; BEST tail 0.146 @ep12 -> C:/dev/phd/casper/data/movielens/.cache/policy_phase2_cont_enc_best.pt
TEST set: TESTRANGE=300:99999 -> 304 users

=== FULL (MAIN) | popularity-aware scorer | NDCG@10 / Rec@50 / ans ===
  pop_item : NDCG 0.312 0.303 0.325 0.332 | Rec 0.242 0.225 0.230 0.233 | MRR 0.503 0.498 0.535 0.557 | ans/8=1.9 | cos(u,u*) 0.000 0.224 0.345 0.463
  conc_pop : NDCG 0.312 0.323 0.330 0.345 | Rec 0.242 0.252 0.253 0.259 | MRR 0.503 0.498 0.503 0.543 | ans/8=8.0 | cos(u,u*) 0.000 0.708 0.732 0.800
  policy   : NDCG 0.312 0.297 0.305 0.309 | Rec 0.242 0.237 0.235 0.236 | MRR 0.503 0.489 0.504 0.498 | ans/8=0.7 | picks 201i/21c | distinct-1st 1/304 | cos(u,u*) 0.000 0.056 0.151 0.221
     ADAPT: distinct-pick/turn [1, 4, 6, 15, 17, 21, 22, 27] | top-pick-share/turn [1.0, 0.93, 0.88, 0.85, 0.73, 0.7, 0.66, 0.65] | distinct-traj 58/304 | total-vocab 46
  GATE: policy must beat conc_pop @q8 (full+tail)

=== TAIL | popularity-aware scorer | NDCG@10 / Rec@50 / ans ===
  pop_item : NDCG 0.083 0.093 0.105 0.102 | Rec 0.122 0.121 0.128 0.127 | MRR 0.192 0.209 0.234 0.221 | ans/8=1.9 | cos(u,u*) 0.000 0.226 0.346 0.463
  conc_pop : NDCG 0.083 0.124 0.127 0.131 | Rec 0.122 0.155 0.148 0.164 | MRR 0.192 0.283 0.279 0.266 | ans/8=8.0 | cos(u,u*) 0.000 0.708 0.733 0.800
  policy   : NDCG 0.083 0.085 0.091 0.099 | Rec 0.122 0.121 0.121 0.119 | MRR 0.192 0.197 0.206 0.221 | ans/8=0.7 | picks 201i/21c | distinct-1st 1/302 | cos(u,u*) 0.000 0.057 0.152 0.223
     ADAPT: distinct-pick/turn [1, 4, 6, 15, 17, 21, 22, 27] | top-pick-share/turn [1.0, 0.93, 0.88, 0.85, 0.73, 0.7, 0.66, 0.65] | distinct-traj 58/302 | total-vocab 46
  GATE: policy must beat conc_pop @q8 (full+tail)
