Traceback (most recent call last):
  File "C:\dev\phd\casper\src\baselines\run_queue2.py", line 132, in <module>
    main()
  File "C:\dev\phd\casper\src\baselines\run_queue2.py", line 119, in main
    predict, hp = build(name, train, n_items, D, head_mask, args.max_minutes, logln)
                  ^^^^^^^^^^^^^^^^^^^^^^^^^^^^^^^^^^^^^^^^^^^^^^^^^^^^^^^^^^^^^^^^^^
  File "C:\dev\phd\casper\src\baselines\run_queue2.py", line 79, in build
    pr = sasrec.fit(train, n_items, evaluator=sasrec_eval, args=a, ckpt=ck, log=log)
         ^^^^^^^^^^^^^^^^^^^^^^^^^^^^^^^^^^^^^^^^^^^^^^^^^^^^^^^^^^^^^^^^^^^^^^^^^^^
  File "C:\dev\phd\casper\src\baselines\sasrec.py", line 229, in fit
    eval_order = build_eval_order(n_items, log=log, _replayed=rp)
                 ^^^^^^^^^^^^^^^^^^^^^^^^^^^^^^^^^^^^^^^^^^^^^^^^
  File "C:\dev\phd\casper\src\baselines\sasrec.py", line 353, in build_eval_order
    tr = pd.read_csv(os.path.join(proc, f"{split}_tr.csv"))
         ^^^^^^^^^^^^^^^^^^^^^^^^^^^^^^^^^^^^^^^^^^^^^^^^^^
  File "C:\Users\Tech\AppData\Roaming\Python\Python312\site-packages\pandas\io\parsers\readers.py", line 1026, in read_csv
    return _read(filepath_or_buffer, kwds)
           ^^^^^^^^^^^^^^^^^^^^^^^^^^^^^^^
  File "C:\Users\Tech\AppData\Roaming\Python\Python312\site-packages\pandas\io\parsers\readers.py", line 620, in _read
    parser = TextFileReader(filepath_or_buffer, **kwds)
             ^^^^^^^^^^^^^^^^^^^^^^^^^^^^^^^^^^^^^^^^^^
  File "C:\Users\Tech\AppData\Roaming\Python\Python312\site-packages\pandas\io\parsers\readers.py", line 1620, in __init__
    self._engine = self._make_engine(f, self.engine)
                   ^^^^^^^^^^^^^^^^^^^^^^^^^^^^^^^^^
  File "C:\Users\Tech\AppData\Roaming\Python\Python312\site-packages\pandas\io\parsers\readers.py", line 1880, in _make_engine
    self.handles = get_handle(
                   ^^^^^^^^^^^
  File "C:\Users\Tech\AppData\Roaming\Python\Python312\site-packages\pandas\io\common.py", line 873, in get_handle
    handle = open(
             ^^^^^
FileNotFoundError: [Errno 2] No such file or directory: 'C:\\dev\\phd\\casper\\data\\ml-25m\\proc\\val_tr.csv'
