[17:07:29] [data] reading raw ratings C:\dev\phd\casper\data\movielens\ratings.csv
[17:07:59] [data] LEAK CHECKS PASS: vocab=18359, train=140768 disjoint from 2x10000 held-out, train likes=10851052==train.csv nnz, vocab-set matches unique_sid.txt
[17:08:01] [teacher] RecVAE loaded from state.best_state: ep25 best_val=0.3512 (hidden=600 latent=200) -- FROZEN
[17:08:01] [model] i25 arm A: decoder FROZEN RecVAE W+b (G0-identity restored)
[17:08:01] [model] SIGN INIT v2 applied: gamma(level)=[-1.0, -1.0, -1.0, -0.75, -0.5, 0.25, 0.25, 1.0, 1.0, 1.0] (likes full +1, neutral +0.25, dislikes graded negative); beta=0
[17:08:01] [model] arch=i25 d_lat=200 TRAINABLE=838,250 FROZEN=7,362,159 (+ unregistered frozen native encoder ~13.4M params, not counted/saved) train_decoder=False
[17:08:01] [ctx] snapshot loaded: t2final_best.pt ep=9 val_full=0.3451
[17:08:08] [ctx] all-bands reconstruction: 1356475 tokens; 7563 users with >=3 dislikes
[17:10:31] [k=2] true=0.1841 memb4=0.1765 likes=0.1695 flip=0.1468 | values=+0.0077 reveal=+0.0070 flip=-0.0373 (1.9m)
[17:12:28] [k=4] true=0.2049 memb4=0.1844 likes=0.1966 flip=0.1436 | values=+0.0205 reveal=-0.0122 flip=-0.0613 (2.0m)
[17:14:40] [k=8] true=0.2266 memb4=0.1881 likes=0.2272 flip=0.1288 | values=+0.0384 reveal=-0.0391 flip=-0.0978 (2.2m)
[17:17:02] [k=16] true=0.2592 memb4=0.1955 likes=0.2599 flip=0.0984 | values=+0.0638 reveal=-0.0645 flip=-0.1608 (2.4m)
[17:28:39] [k=full] true=0.3449 memb4=0.2411 likes=0.3451 flip=0.0592 | values=+0.1038 reveal=-0.1040 flip=-0.2857 (11.6m)

=== GRADED PREMIUM vs EVIDENCE SIZE (tower ep4, VAL, parity mask; full@10) ===
    k     true    memb4    likes     flip  values_prem  reveal_prem  flip_delta likes_eff
    2   0.1841   0.1765   0.1695   0.1468      +0.0077      +0.0070     -0.0373       1.1
    4   0.2049   0.1844   0.1966   0.1436      +0.0205      -0.0122     -0.0613       2.1
    8   0.2266   0.1881   0.2272   0.1288      +0.0384      -0.0391     -0.0978       4.3
   16   0.2592   0.1955   0.2599   0.0984      +0.0638      -0.0645     -0.1608       8.5
 full   0.3449   0.2411   0.3451   0.0592      +0.1038      -0.1040     -0.2857      61.9
JSON -> C:\dev\phd\casper\experiments\battery\premium_vs_k.json
