[12:38:22] [arm_n] graded matrices from cache: train nnz=21682110 test nnz=1411761
[12:38:22] [arm_n] pool nnz=1411761 (te_tr 625946, graded 1411761); te_tr items absent from the graded rebuild: 0
[12:38:22] [arm_n] ruler: 18359 items, 10000 test users, head=190; pool excludes 141.2 items/user vs 62.6 in arm A; target leak 0
[12:38:41] [i26] 136768 train / 4000 held-out profiles from the TRAIN cohort
[12:38:45] [teacher] RecVAE loaded from state.best_state: ep25 best_val=0.3512 (hidden=600 latent=200) -- FROZEN
[12:38:45] [model] i26: decoder FROZEN RecVAE W+b; exposure branch + delta_b ZERO-INIT (bit-identical to i25 at step 0)
[12:38:45] [model] i26 LR groups: NEW 234,897 params @ lr=0.0003; WARM 838,250 params @ lr=2.9999999999999997e-05 (warm_lr_scale=0.1)
[12:38:45] [model] arch=i26 TRAINABLE=1,073,147 (exposure branch 234,697; NO per-item bias -- the prior is learned from the k=0 curriculum bucket)
[12:38:45] [model] SIGN INIT v2 applied: gamma(level)=[-1.0, -1.0, -1.0, -0.75, -0.5, 0.25, 0.25, 1.0, 1.0, 1.0] (likes full +1, neutral +0.25, dislikes graded negative); beta=0
[12:38:45] [i26] warm-started taste path from t2final_best; at init: ['W_white', 'gate_e', 'psi.0.bias', 'psi.0.weight', 'psi.2.bias', 'psi.2.weight', 'rho_expo.0.bias', 'rho_expo.0.weight', 'rho_expo.2.bias', 'rho_expo.2.weight']
[12:38:49] [data] reading raw ratings C:\dev\phd\casper\data\movielens\ratings.csv
[12:39:24] [data] LEAK CHECKS PASS: vocab=18359, train=140768 disjoint from 2x10000 held-out, train likes=10851052==train.csv nnz, vocab-set matches unique_sid.txt
[12:40:06] [data] reading raw ratings C:\dev\phd\casper\data\movielens\ratings.csv
[12:40:44] [data] LEAK CHECKS PASS: vocab=18359, train=140768 disjoint from 2x10000 held-out, train likes=10851052==train.csv nnz, vocab-set matches unique_sid.txt
[12:41:37] [i26] val interview oracle: 1356475 rated cells over 10000 val users
[12:41:37] [i26] references MEASURED on val/arm-A: MostPop=0.1326 (empty-set floor); full-profile floor=0.3436 (certified val 0.3451 - CI 0.0015)
[12:41:37] [i26] ARCHIVED t2i26_ep01.archived_20260731_111926.archived_20260731_121846.pt -> t2i26_ep01.archived_20260731_111926.archived_20260731_121846.archived_20260731_124137.pt (never deleted)
[12:59:26] [i26] ep 1 TRAIN full=5.3697 interview=6.8071 empty=7.2676 | HELD-OUT full=5.3039 interview=6.5320 empty=7.1180
[12:59:26] [i26] ep 1 SELECT sel=0.1388 (k2=0.1292 k8=0.1485) | COST full=0.3402/0.2482 | k0=0.1300 k1=0.1668 (monotone PASS) | 17.8m   [all VAL cohort]
[12:59:26] [i26] saved t2i26_ep01.pt (sel=0.1388 full=0.3402)
[12:59:26] [i26] new best SHORT-INTERVIEW sel=0.1388 (full-profile cost 0.3402) -> t2i26_best.pt (atomic)
[12:59:26] [i26] ep 1 GATE FLAGS (reporting only, run CONTINUES): G-FULL below floor (0.3402 < 0.3436), IMPROVING +0.0000; G-EMPTY below floor (0.1300 < 0.13258885812726418)
[13:17:18] [i26] ep 2 TRAIN full=5.4066 interview=6.6179 empty=7.0227 | HELD-OUT full=5.3092 interview=6.5210 empty=6.9358
[13:17:18] [i26] ep 2 SELECT sel=0.1381 (k2=0.1282 k8=0.1481) | COST full=0.3291/0.2438 | k0=0.1311 k1=0.1672 (monotone PASS) | 35.7m   [all VAL cohort]
[13:17:19] [i26] saved t2i26_ep02.pt (sel=0.1381 full=0.3291)
[13:17:19] [i26] ep 2 GATE FLAGS (reporting only, run CONTINUES): G-FULL below floor (0.3291 < 0.3436), flat/falling -0.0111; G-EMPTY below floor (0.1311 < 0.13258885812726418)
[13:34:40] [i26] ep 3 TRAIN full=5.3561 interview=6.5270 empty=6.8312 | HELD-OUT full=5.3299 interview=6.4777 empty=6.8570
[13:34:40] [i26] ep 3 SELECT sel=0.1381 (k2=0.1289 k8=0.1472) | COST full=0.3229/0.2404 | k0=0.1316 k1=0.1677 (monotone PASS) | 53.0m   [all VAL cohort]
[13:34:40] [i26] saved t2i26_ep03.pt (sel=0.1381 full=0.3229)
[13:34:40] [i26] ep 3 GATE FLAGS (reporting only, run CONTINUES): G-FULL below floor (0.3229 < 0.3436), flat/falling -0.0063; G-EMPTY below floor (0.1316 < 0.13258885812726418)
[14:12:48] [i26] ep 4 TRAIN full=5.3949 interview=6.5266 empty=6.7440 | HELD-OUT full=5.2966 interview=6.4880 empty=6.7560
[14:12:48] [i26] ep 4 SELECT sel=0.1377 (k2=0.1276 k8=0.1478) | COST full=0.3219/0.2403 | k0=0.1318 k1=0.1675 (monotone PASS) | 91.2m   [all VAL cohort]
[14:12:48] [i26] saved t2i26_ep04.pt (sel=0.1377 full=0.3219)
[14:12:48] [i26] ep 4 GATE FLAGS (reporting only, run CONTINUES): G-FULL below floor (0.3219 < 0.3436), flat/falling -0.0009; short-interview not improving for 3 epochs (best 0.1388); G-EMPTY below floor (0.1318 < 0.13258885812726418)
[14:23:24] [i26] ep 5 TRAIN full=5.3574 interview=6.5466 empty=6.6692 | HELD-OUT full=5.3130 interview=6.4482 empty=6.7324
[14:23:24] [i26] ep 5 SELECT sel=0.1387 (k2=0.1296 k8=0.1478) | COST full=0.3313/0.2427 | k0=0.1316 k1=0.1677 (monotone PASS) | 101.8m   [all VAL cohort]
[14:23:25] [i26] saved t2i26_ep05.pt (sel=0.1387 full=0.3313)
[14:23:25] [i26] ep 5 GATE FLAGS (reporting only, run CONTINUES): G-FULL below floor (0.3313 < 0.3436), IMPROVING +0.0094; short-interview not improving for 3 epochs (best 0.1388); G-EMPTY below floor (0.1316 < 0.13258885812726418)
[14:33:01] [i26] ep 6 TRAIN full=5.3672 interview=6.5084 empty=6.6787 | HELD-OUT full=5.3325 interview=6.4398 empty=6.7082
[14:33:01] [i26] ep 6 SELECT sel=0.1387 (k2=0.1288 k8=0.1486) | COST full=0.3239/0.2398 | k0=0.1316 k1=0.1683 (monotone PASS) | 111.4m   [all VAL cohort]
[14:33:01] [i26] saved t2i26_ep06.pt (sel=0.1387 full=0.3239)
[14:33:01] [i26] ep 6 GATE FLAGS (reporting only, run CONTINUES): G-FULL below floor (0.3239 < 0.3436), flat/falling -0.0074; short-interview not improving for 3 epochs (best 0.1388); G-EMPTY below floor (0.1316 < 0.13258885812726418)
[14:49:10] [i26] ep 7 TRAIN full=5.3568 interview=6.5111 empty=6.5963 | HELD-OUT full=5.2995 interview=6.4626 empty=6.6860
[14:49:10] [i26] ep 7 SELECT sel=0.1392 (k2=0.1299 k8=0.1486) | COST full=0.3191/0.2371 | k0=0.1312 k1=0.1683 (monotone PASS) | 127.6m   [all VAL cohort]
[14:49:11] [i26] saved t2i26_ep07.pt (sel=0.1392 full=0.3191)
[14:49:11] [i26] new best SHORT-INTERVIEW sel=0.1392 (full-profile cost 0.3191) -> t2i26_best.pt (atomic)
[14:49:11] [i26] ep 7 GATE FLAGS (reporting only, run CONTINUES): G-FULL below floor (0.3191 < 0.3436), flat/falling -0.0048; G-EMPTY below floor (0.1312 < 0.13258885812726418)
[15:12:55] [i26] ep 8 TRAIN full=5.3531 interview=6.5391 empty=6.5617 | HELD-OUT full=5.3022 interview=6.4437 empty=6.6768
[15:12:55] [i26] ep 8 SELECT sel=0.1389 (k2=0.1292 k8=0.1487) | COST full=0.3316/0.2432 | k0=0.1312 k1=0.1681 (monotone PASS) | 151.3m   [all VAL cohort]
[15:12:55] [i26] saved t2i26_ep08.pt (sel=0.1389 full=0.3316)
[15:12:55] [i26] ep 8 GATE FLAGS (reporting only, run CONTINUES): G-FULL below floor (0.3316 < 0.3436), IMPROVING +0.0125; G-EMPTY below floor (0.1312 < 0.13258885812726418)
[15:25:16] [i26] ep 9 TRAIN full=5.3514 interview=6.4781 empty=6.5737 | HELD-OUT full=5.2997 interview=6.4690 empty=6.6375
[15:25:16] [i26] ep 9 SELECT sel=0.1391 (k2=0.1293 k8=0.1489) | COST full=0.3311/0.2427 | k0=0.1311 k1=0.1685 (monotone PASS) | 163.6m   [all VAL cohort]
[15:25:16] [i26] saved t2i26_ep09.pt (sel=0.1391 full=0.3311)
[15:25:16] [i26] ep 9 GATE FLAGS (reporting only, run CONTINUES): G-FULL below floor (0.3311 < 0.3436), flat/falling -0.0005; G-EMPTY below floor (0.1311 < 0.13258885812726418)
[15:35:01] [i26] ep10 TRAIN full=5.3525 interview=6.5316 empty=6.5488 | HELD-OUT full=5.3061 interview=6.4628 empty=6.6326
[15:35:01] [i26] ep10 SELECT sel=0.1405 (k2=0.1314 k8=0.1495) | COST full=0.3370/0.2461 | k0=0.1311 k1=0.1685 (monotone PASS) | 173.4m   [all VAL cohort]
[15:35:01] [i26] saved t2i26_ep10.pt (sel=0.1405 full=0.3370)
[15:35:01] [i26] new best SHORT-INTERVIEW sel=0.1405 (full-profile cost 0.3370) -> t2i26_best.pt (atomic)
[15:35:01] [i26] ep10 GATE FLAGS (reporting only, run CONTINUES): G-FULL below floor (0.3370 < 0.3436), IMPROVING +0.0059; G-EMPTY below floor (0.1311 < 0.13258885812726418)
[15:46:27] [i26] ep11 TRAIN full=5.3193 interview=6.5360 empty=6.5693 | HELD-OUT full=5.2942 interview=6.4713 empty=6.6018
[15:46:27] [i26] ep11 SELECT sel=0.1389 (k2=0.1317 k8=0.1460) | COST full=0.3373/0.2462 | k0=0.1312 k1=0.1688 (monotone PASS) | 184.8m   [all VAL cohort]
[15:46:27] [i26] saved t2i26_ep11.pt (sel=0.1389 full=0.3373)
[15:46:27] [i26] ep11 GATE FLAGS (reporting only, run CONTINUES): G-FULL below floor (0.3373 < 0.3436), IMPROVING +0.0002; G-EMPTY below floor (0.1312 < 0.13258885812726418)
[15:56:14] [i26] ep12 TRAIN full=5.4150 interview=6.5334 empty=6.5956 | HELD-OUT full=5.3181 interview=6.4578 empty=6.6182
[15:56:14] [i26] ep12 SELECT sel=0.1407 (k2=0.1316 k8=0.1498) | COST full=0.3307/0.2431 | k0=0.1310 k1=0.1687 (monotone PASS) | 194.6m   [all VAL cohort]
[15:56:14] [i26] saved t2i26_ep12.pt (sel=0.1407 full=0.3307)
[15:56:14] [i26] new best SHORT-INTERVIEW sel=0.1407 (full-profile cost 0.3307) -> t2i26_best.pt (atomic)
[15:56:14] [i26] ep12 GATE FLAGS (reporting only, run CONTINUES): G-FULL below floor (0.3307 < 0.3436), flat/falling -0.0066; G-EMPTY below floor (0.1310 < 0.13258885812726418)
[16:05:54] [i26] ep13 TRAIN full=5.3600 interview=6.5145 empty=6.5146 | HELD-OUT full=5.3045 interview=6.4405 empty=6.6353
[16:05:54] [i26] ep13 SELECT sel=0.1405 (k2=0.1325 k8=0.1484) | COST full=0.3324/0.2438 | k0=0.1309 k1=0.1688 (monotone PASS) | 204.3m   [all VAL cohort]
[16:05:54] [i26] saved t2i26_ep13.pt (sel=0.1405 full=0.3324)
[16:05:54] [i26] ep13 GATE FLAGS (reporting only, run CONTINUES): G-FULL below floor (0.3324 < 0.3436), IMPROVING +0.0017; G-EMPTY below floor (0.1309 < 0.13258885812726418)
[16:19:27] [i26] ep14 TRAIN full=5.3933 interview=6.4707 empty=6.5435 | HELD-OUT full=5.2934 interview=6.4288 empty=6.6495
[16:19:27] [i26] ep14 SELECT sel=0.1403 (k2=0.1296 k8=0.1509) | COST full=0.3388/0.2477 | k0=0.1309 k1=0.1687 (monotone PASS) | 217.8m   [all VAL cohort]
[16:19:27] [i26] saved t2i26_ep14.pt (sel=0.1403 full=0.3388)
[16:19:27] [i26] ep14 GATE FLAGS (reporting only, run CONTINUES): G-FULL below floor (0.3388 < 0.3436), IMPROVING +0.0064; G-EMPTY below floor (0.1309 < 0.13258885812726418)
[16:30:22] [i26] ep15 TRAIN full=5.3249 interview=6.4898 empty=6.5106 | HELD-OUT full=5.2972 interview=6.4751 empty=6.6201
[16:30:22] [i26] ep15 SELECT sel=0.1401 (k2=0.1303 k8=0.1499) | COST full=0.3347/0.2440 | k0=0.1311 k1=0.1688 (monotone PASS) | 228.7m   [all VAL cohort]
[16:30:22] [i26] saved t2i26_ep15.pt (sel=0.1401 full=0.3347)
[16:30:22] [i26] ep15 GATE FLAGS (reporting only, run CONTINUES): G-FULL below floor (0.3347 < 0.3436), flat/falling -0.0041; short-interview not improving for 3 epochs (best 0.1407); G-EMPTY below floor (0.1311 < 0.13258885812726418)
[16:48:42] [i26] ep16 TRAIN full=5.3743 interview=6.4891 empty=6.5635 | HELD-OUT full=5.2781 interview=6.4331 empty=6.6567
[16:48:42] [i26] ep16 SELECT sel=0.1393 (k2=0.1307 k8=0.1478) | COST full=0.3389/0.2466 | k0=0.1310 k1=0.1689 (monotone PASS) | 247.1m   [all VAL cohort]
[16:48:42] [i26] saved t2i26_ep16.pt (sel=0.1393 full=0.3389)
[16:48:42] [i26] ep16 GATE FLAGS (reporting only, run CONTINUES): G-FULL below floor (0.3389 < 0.3436), IMPROVING +0.0042; short-interview not improving for 3 epochs (best 0.1407); G-EMPTY below floor (0.1310 < 0.13258885812726418)
[17:10:07] [i26] ep17 TRAIN full=5.3680 interview=6.5188 empty=6.4957 | HELD-OUT full=5.2962 interview=6.4664 empty=6.6077
[17:10:07] [i26] ep17 SELECT sel=0.1382 (k2=0.1308 k8=0.1457) | COST full=0.3347/0.2448 | k0=0.1312 k1=0.1689 (monotone PASS) | 268.5m   [all VAL cohort]
[17:10:07] [i26] saved t2i26_ep17.pt (sel=0.1382 full=0.3347)
[17:10:07] [i26] ep17 GATE FLAGS (reporting only, run CONTINUES): G-FULL below floor (0.3347 < 0.3436), flat/falling -0.0042; short-interview not improving for 3 epochs (best 0.1407); G-EMPTY below floor (0.1312 < 0.13258885812726418)
[17:30:59] [i26] ep18 TRAIN full=5.3550 interview=6.5226 empty=6.5926 | HELD-OUT full=5.3065 interview=6.4345 empty=6.6390
[17:30:59] [i26] ep18 SELECT sel=0.1407 (k2=0.1327 k8=0.1487) | COST full=0.3373/0.2467 | k0=0.1312 k1=0.1689 (monotone PASS) | 289.4m   [all VAL cohort]
[17:30:59] [i26] saved t2i26_ep18.pt (sel=0.1407 full=0.3373)
[17:31:00] [i26] new best SHORT-INTERVIEW sel=0.1407 (full-profile cost 0.3373) -> t2i26_best.pt (atomic)
[17:31:00] [i26] ep18 GATE FLAGS (reporting only, run CONTINUES): G-FULL below floor (0.3373 < 0.3436), IMPROVING +0.0026; short-interview not improving for 3 epochs (best 0.1407); G-EMPTY below floor (0.1312 < 0.13258885812726418)
[17:52:14] [i26] ep19 TRAIN full=5.3252 interview=6.5334 empty=6.5371 | HELD-OUT full=5.3147 interview=6.4389 empty=6.6162
[17:52:14] [i26] ep19 SELECT sel=0.1389 (k2=0.1305 k8=0.1473) | COST full=0.3386/0.2468 | k0=0.1310 k1=0.1691 (monotone PASS) | 310.6m   [all VAL cohort]
[17:52:14] [i26] saved t2i26_ep19.pt (sel=0.1389 full=0.3386)
[17:52:14] [i26] ep19 GATE FLAGS (reporting only, run CONTINUES): G-FULL below floor (0.3386 < 0.3436), IMPROVING +0.0014; short-interview not improving for 3 epochs (best 0.1407); G-EMPTY below floor (0.1310 < 0.13258885812726418)
[18:15:11] [i26] ep20 TRAIN full=5.3737 interview=6.4931 empty=6.5317 | HELD-OUT full=5.3154 interview=6.4170 empty=6.6153
[18:15:11] [i26] ep20 SELECT sel=0.1397 (k2=0.1310 k8=0.1485) | COST full=0.3404/0.2475 | k0=0.1309 k1=0.1689 (monotone PASS) | 333.6m   [all VAL cohort]
[18:15:11] [i26] saved t2i26_ep20.pt (sel=0.1397 full=0.3404)
[18:15:11] [i26] ep20 GATE FLAGS (reporting only, run CONTINUES): G-FULL below floor (0.3404 < 0.3436), IMPROVING +0.0017; short-interview not improving for 3 epochs (best 0.1407); G-EMPTY below floor (0.1309 < 0.13258885812726418)
[18:41:17] [i26] ep21 TRAIN full=5.3416 interview=6.5101 empty=6.5475 | HELD-OUT full=5.2988 interview=6.4377 empty=6.6143
[18:41:17] [i26] ep21 SELECT sel=0.1390 (k2=0.1294 k8=0.1486) | COST full=0.3402/0.2472 | k0=0.1310 k1=0.1693 (monotone PASS) | 359.7m   [all VAL cohort]
[18:41:17] [i26] saved t2i26_ep21.pt (sel=0.1390 full=0.3402)
[18:41:17] [i26] ep21 GATE FLAGS (reporting only, run CONTINUES): G-FULL below floor (0.3402 < 0.3436), flat/falling -0.0002; short-interview not improving for 3 epochs (best 0.1407); G-EMPTY below floor (0.1310 < 0.13258885812726418)
[19:12:07] [i26] ep22 TRAIN full=5.3321 interview=6.5104 empty=6.5555 | HELD-OUT full=5.2821 interview=6.4542 empty=6.6232
[19:12:07] [i26] ep22 SELECT sel=0.1394 (k2=0.1298 k8=0.1489) | COST full=0.3387/0.2463 | k0=0.1306 k1=0.1691 (monotone PASS) | 390.5m   [all VAL cohort]
[19:12:07] [i26] saved t2i26_ep22.pt (sel=0.1394 full=0.3387)
[19:12:07] [i26] ep22 GATE FLAGS (reporting only, run CONTINUES): G-FULL below floor (0.3387 < 0.3436), flat/falling -0.0015; short-interview not improving for 3 epochs (best 0.1407); G-EMPTY below floor (0.1306 < 0.13258885812726418)
[19:42:11] [i26] ep23 TRAIN full=5.3580 interview=6.5150 empty=6.5351 | HELD-OUT full=5.2885 interview=6.4654 empty=6.6182
[19:42:11] [i26] ep23 SELECT sel=0.1402 (k2=0.1304 k8=0.1500) | COST full=0.3379/0.2455 | k0=0.1309 k1=0.1689 (monotone PASS) | 420.6m   [all VAL cohort]
[19:42:11] [i26] saved t2i26_ep23.pt (sel=0.1402 full=0.3379)
[19:42:11] [i26] ep23 GATE FLAGS (reporting only, run CONTINUES): G-FULL below floor (0.3379 < 0.3436), flat/falling -0.0008; short-interview not improving for 3 epochs (best 0.1407); G-EMPTY below floor (0.1309 < 0.13258885812726418)
[19:51:45] [i26] ep24 TRAIN full=5.3863 interview=6.4762 empty=6.4994 | HELD-OUT full=5.3005 interview=6.4228 empty=6.6603
[19:51:45] [i26] ep24 SELECT sel=0.1396 (k2=0.1303 k8=0.1489) | COST full=0.3340/0.2434 | k0=0.1309 k1=0.1692 (monotone PASS) | 430.1m   [all VAL cohort]
[19:51:45] [i26] saved t2i26_ep24.pt (sel=0.1396 full=0.3340)
[19:51:45] [i26] ep24 GATE FLAGS (reporting only, run CONTINUES): G-FULL below floor (0.3340 < 0.3436), flat/falling -0.0040; short-interview not improving for 3 epochs (best 0.1407); G-EMPTY below floor (0.1309 < 0.13258885812726418)
[19:51:45] [i26] done. best short-interview sel=0.1407 @ep18
